Loading required package: usethis
ℹ Loading zoomstudentengagement

Attaching package: ‘lubridate’

The following objects are masked from ‘package:base’:

    date, intersect, setdiff, union

add_dead_air_rows: W.W.W.W.W...W......W......W...W...W...W...W.......W...W....W....W...W...W...W.....
analyze_multi_session_attendance: .....................
analyze_transcripts: WWW......WWW...WWW...WWW..W..WWW...S....S.......WWW....WWW.....SWWW...WWW..WWW...WWWWWWWWWW..SW...W....SWWW...WWW...SWWW..WWW......S
calculate_content_similarity: W.W.W.W.W.W.W..
consolidate_transcript_segfault: SS
create_analysis_config: W...............W........W.W.W.W.W.W.W.W.W.W.W.W.W.W.W.....
create_course_info: W.......W.W.W.W......
create_session_mapping: W...W....W.W.W..W...W..W...W...W...W...W....W.W..W....WSSSW......W.W...W......W......W....W....W....W....W...W......W........W...W......WW....W....W....
deprecation-system-verbose: .............📝 Updating NAMESPACE for deprecation...
.📝 Generating migration guide for deprecated functions...
✅ Migration guide generated
.📝 Updating NAMESPACE for deprecation...
...📝 Generating migration guide for deprecated functions...
✅ Migration guide generated
.📝 Updating NAMESPACE for deprecation...
.....📝 Generating migration guide for deprecated functions...
✅ Migration guide generated
......
detect_duplicate_transcripts: ..................W.W.W.W.W.W..W....................................WWW............W...........WW....WWW.......WW....................................WW...................
diagnostic-messages-verbose: ................................................
edge-cases-verbose: 
..
..test
.test.
..
..
..
..!@#$%^&*()
.!@#$%^&*().!@#$%^&*()
.!@#$%^&*().[]{}|\
.[]{}|\.[]{}|\
.[]{}|\.~`
.~`.~`
.~`.äöü
.äöü.äöü
.äöü.中文
.中文.中文
.中文.🚀
.🚀.🚀
.🚀.aaaaaaaaaaaaaaaaaaaaaaaaaaaaaaaaaaaaaaaaaaaaaaaaaaaaaaaaaaaaaaaaaaaaaaaaaaaaaaaaaaaaaaaaaaaaaaaaaaaaaaaaaaaaaaaaaaaaaaaaaaaaaaaaaaaaaaaaaaaaaaaaaaaaaaaaaaaaaaaaaaaaaaaaaaaaaaaaaaaaaaaaaaaaaaaaaaaaaaaaaaaaaaaaaaaaaaaaaaaaaaaaaaaaaaaaaaaaaaaaaaaaaaaaaaaaaaaaaaaaaaaaaaaaaaaaaaaaaaaaaaaaaaaaaaaaaaaaaaaaaaaaaaaaaaaaaaaaaaaaaaaaaaaaaaaaaaaaaaaaaaaaaaaaaaaaaaaaaaaaaaaaaaaaaaaaaaaaaaaaaaaaaaaaaaaaaaaaaaaaaaaaaaaaaaaaaaaaaaaaaaaaaaaaaaaaaaaaaaaaaaaaaaaaaaaaaaaaaaaaaaaaaaaaaaaaaaaaaaaaaaaaaaaaaaaaaaaaaaaaaaaaaaaaaaaaaaaaaaaaaaaaaaaaaaaaaaaaaaaaaaaaaaaaaaaaaaaaaaaaaaaaaaaaaaaaaaaaaaaaaaaaaaaaaaaaaaaaaaaaaaaaaaaaaaaaaaaaaaaaaaaaaaaaaaaaaaaaaaaaaaaaaaaaaaaaaaaaaaaaaaaaaaaaaaaaaaaaaaaaaaaaaaaaaaaaaaaaaaaaaaaaaaaaaaaaaaaaaaaaaaaaaaaaaaaaaaaaaaaaaaaaaaaaaaaaaaaaaaaaaaaaaaaaaaaaaaaaaaaaaaaaaaaaaaaaaaaaaaaaaaaaaaaaaaaaaaaaaaaaaaaaaaaaaaaaaaaaaaaaaaaaaaaaaaaaaaaaaaaaaaaaaaaaaaaaaaaaaaaaaaaaaaaaaaaaaaaaaaaaaaaaaaaaaaaaaaaaaaaaaaaaaaaaaaaaaaaaaaaaaaaaaaaaaaaaaaaaaaaaaaaaaaaaaaaaaaaaaaaaaaaaaaaaaaaaaaaaaaaa
.aaaaaaaaaaaaaaaaaaaaaaaaaaaaaaaaaaaaaaaaaaaaaaaaaaaaaaaaaaaaaaaaaaaaaaaaaaaaaaaaaaaaaaaaaaaaaaaaaaaaaaaaaaaaaaaaaaaaaaaaaaaaaaaaaaaaaaaaaaaaaaaaaaaaaaaaaaaaaaaaaaaaaaaaaaaaaaaaaaaaaaaaaaaaaaaaaaaaaaaaaaaaaaaaaaaaaaaaaaaaaaaaaaaaaaaaaaaaaaaaaaaaaaaaaaaaaaaaaaaaaaaaaaaaaaaaaaaaaaaaaaaaaaaaaaaaaaaaaaaaaaaaaaaaaaaaaaaaaaaaaaaaaaaaaaaaaaaaaaaaaaaaaaaaaaaaaaaaaaaaaaaaaaaaaaaaaaaaaaaaaaaaaaaaaaaaaaaaaaaaaaaaaaaaaaaaaaaaaaaaaaaaaaaaaaaaaaaaaaaaaaaaaaaaaaaaaaaaaaaaaaaaaaaaaaaaaaaaaaaaaaaaaaaaaaaaaaaaaaaaaaaaaaaaaaaaaaaaaaaaaaaaaaaaaaaaaaaaaaaaaaaaaaaaaaaaaaaaaaaaaaaaaaaaaaaaaaaaaaaaaaaaaaaaaaaaaaaaaaaaaaaaaaaaaaaaaaaaaaaaaaaaaaaaaaaaaaaaaaaaaaaaaaaaaaaaaaaaaaaaaaaaaaaaaaaaaaaaaaaaaaaaaaaaaaaaaaaaaaaaaaaaaaaaaaaaaaaaaaaaaaaaaaaaaaaaaaaaaaaaaaaaaaaaaaaaaaaaaaaaaaaaaaaaaaaaaaaaaaaaaaaaaaaaaaaaaaaaaaaaaaaaaaaaaaaaaaaaaaaaaaaaaaaaaaaaaaaaaaaaaaaaaaaaaaaaaaaaaaaaaaaaaaaaaaaaaaaaaaaaaaaaaaaaaaaaaaaaaaaaaaaaaaaaaaaaaaaaaaaaaaaaaaaaaaaaaaaaaaaaaaaaaaaaaaaaaaaaaaaaaaaaaaaaaaaaaaaaaaaaaaaaaaaaaaaaaaaaaaaa.aaaaaaaaaaaaaaaaaaaaaaaaaaaaaaaaaaaaaaaaaaaaaaaaaaaaaaaaaaaaaaaaaaaaaaaaaaaaaaaaaaaaaaaaaaaaaaaaaaaaaaaaaaaaaaaaaaaaaaaaaaaaaaaaaaaaaaaaaaaaaaaaaaaaaaaaaaaaaaaaaaaaaaaaaaaaaaaaaaaaaaaaaaaaaaaaaaaaaaaaaaaaaaaaaaaaaaaaaaaaaaaaaaaaaaaaaaaaaaaaaaaaaaaaaaaaaaaaaaaaaaaaaaaaaaaaaaaaaaaaaaaaaaaaaaaaaaaaaaaaaaaaaaaaaaaaaaaaaaaaaaaaaaaaaaaaaaaaaaaaaaaaaaaaaaaaaaaaaaaaaaaaaaaaaaaaaaaaaaaaaaaaaaaaaaaaaaaaaaaaaaaaaaaaaaaaaaaaaaaaaaaaaaaaaaaaaaaaaaaaaaaaaaaaaaaaaaaaaaaaaaaaaaaaaaaaaaaaaaaaaaaaaaaaaaaaaaaaaaaaaaaaaaaaaaaaaaaaaaaaaaaaaaaaaaaaaaaaaaaaaaaaaaaaaaaaaaaaaaaaaaaaaaaaaaaaaaaaaaaaaaaaaaaaaaaaaaaaaaaaaaaaaaaaaaaaaaaaaaaaaaaaaaaaaaaaaaaaaaaaaaaaaaaaaaaaaaaaaaaaaaaaaaaaaaaaaaaaaaaaaaaaaaaaaaaaaaaaaaaaaaaaaaaaaaaaaaaaaaaaaaaaaaaaaaaaaaaaaaaaaaaaaaaaaaaaaaaaaaaaaaaaaaaaaaaaaaaaaaaaaaaaaaaaaaaaaaaaaaaaaaaaaaaaaaaaaaaaaaaaaaaaaaaaaaaaaaaaaaaaaaaaaaaaaaaaaaaaaaaaaaaaaaaaaaaaaaaaaaaaaaaaaaaaaaaaaaaaaaaaaaaaaaaaaaaaaaaaaaaaaaaaaaaaaaaaaaaaaaaaaaaaaaaaaaaaaaaaaaaaaaaaaaaaaaaaaaaaaaaaaaaaaaaaaaaaaaaaaaaa
.aaaaaaaaaaaaaaaaaaaaaaaaaaaaaaaaaaaaaaaaaaaaaaaaaaaaaaaaaaaaaaaaaaaaaaaaaaaaaaaaaaaaaaaaaaaaaaaaaaaaaaaaaaaaaaaaaaaaaaaaaaaaaaaaaaaaaaaaaaaaaaaaaaaaaaaaaaaaaaaaaaaaaaaaaaaaaaaaaaaaaaaaaaaaaaaaaaaaaaaaaaaaaaaaaaaaaaaaaaaaaaaaaaaaaaaaaaaaaaaaaaaaaaaaaaaaaaaaaaaaaaaaaaaaaaaaaaaaaaaaaaaaaaaaaaaaaaaaaaaaaaaaaaaaaaaaaaaaaaaaaaaaaaaaaaaaaaaaaaaaaaaaaaaaaaaaaaaaaaaaaaaaaaaaaaaaaaaaaaaaaaaaaaaaaaaaaaaaaaaaaaaaaaaaaaaaaaaaaaaaaaaaaaaaaaaaaaaaaaaaaaaaaaaaaaaaaaaaaaaaaaaaaaaaaaaaaaaaaaaaaaaaaaaaaaaaaaaaaaaaaaaaaaaaaaaaaaaaaaaaaaaaaaaaaaaaaaaaaaaaaaaaaaaaaaaaaaaaaaaaaaaaaaaaaaaaaaaaaaaaaaaaaaaaaaaaaaaaaaaaaaaaaaaaaaaaaaaaaaaaaaaaaaaaaaaaaaaaaaaaaaaaaaaaaaaaaaaaaaaaaaaaaaaaaaaaaaaaaaaaaaaaaaaaaaaaaaaaaaaaaaaaaaaaaaaaaaaaaaaaaaaaaaaaaaaaaaaaaaaaaaaaaaaaaaaaaaaaaaaaaaaaaaaaaaaaaaaaaaaaaaaaaaaaaaaaaaaaaaaaaaaaaaaaaaaaaaaaaaaaaaaaaaaaaaaaaaaaaaaaaaaaaaaaaaaaaaaaaaaaaaaaaaaaaaaaaaaaaaaaaaaaaaaaaaaaaaaaaaaaaaaaaaaaaaaaaaaaaaaaaaaaaaaaaaaaaaaaaaaaaaaaaaaaaaaaaaaaaaaaaaaaaaaaaaaaaaaaaaaaaaaaaaaaaaaaaaaaaaaa.argargargargargargargargargargargargargargargargargargargargargargargargargargargargargargargargargargargargargargargargargargargargargargargargargargargargargargargargargargargargargargargargargargargargargargargargargargargargargargargargargargargargargargargargargargargargargargargargargargargarg
.arg arg arg arg arg arg arg arg arg arg arg arg arg arg arg arg arg arg arg arg arg arg arg arg arg arg arg arg arg arg arg arg arg arg arg arg arg arg arg arg arg arg arg arg arg arg arg arg arg arg arg arg arg arg arg arg arg arg arg arg arg arg arg arg arg arg arg arg arg arg arg arg arg arg arg arg arg arg arg arg arg arg arg arg arg arg arg arg arg arg arg arg arg arg arg arg arg arg arg arg...test
.test...test
.test...test
.test...test
.test...test
.test.WWtest
.WWtest.WWtest
.WWtest.WWtest
.WWtest.WWtest
.WWtest.WWtest
.WWtest.rapid call1
.rapid call 1 
.rapid call2
.rapid call 2 
.rapid call3
.rapid call 3 
.rapid call4
.rapid call 4 
.rapid call5
.rapid call 5 
.rapid call6
.rapid call 6 
.rapid call7
.rapid call 7 
.rapid call8
.rapid call 8 
.rapid call9
.rapid call 9 
.rapid call10
.rapid call 10 
.rapid call11
.rapid call 11 
.rapid call12
.rapid call 12 
.rapid call13
.rapid call 13 
.rapid call14
.rapid call 14 
.rapid call15
.rapid call 15 
.rapid call16
.rapid call 16 
.rapid call17
.rapid call 17 
.rapid call18
.rapid call 18 
.rapid call19
.rapid call 19 
.rapid call20
.rapid call 20 
.rapid call21
.rapid call 21 
.rapid call22
.rapid call 22 
.rapid call23
.rapid call 23 
.rapid call24
.rapid call 24 
.rapid call25
.rapid call 25 
.rapid call26
.rapid call 26 
.rapid call27
.rapid call 27 
.rapid call28
.rapid call 28 
.rapid call29
.rapid call 29 
.rapid call30
.rapid call 30 
.rapid call31
.rapid call 31 
.rapid call32
.rapid call 32 
.rapid call33
.rapid call 33 
.rapid call34
.rapid call 34 
.rapid call35
.rapid call 35 
.rapid call36
.rapid call 36 
.rapid call37
.rapid call 37 
.rapid call38
.rapid call 38 
.rapid call39
.rapid call 39 
.rapid call40
.rapid call 40 
.rapid call41
.rapid call 41 
.rapid call42
.rapid call 42 
.rapid call43
.rapid call 43 
.rapid call44
.rapid call 44 
.rapid call45
.rapid call 45 
.rapid call46
.rapid call 46 
.rapid call47
.rapid call 47 
.rapid call48
.rapid call 48 
.rapid call49
.rapid call 49 
.rapid call50
.rapid call 50 
.rapid call51
.rapid call 51 
.rapid call52
.rapid call 52 
.rapid call53
.rapid call 53 
.rapid call54
.rapid call 54 
.rapid call55
.rapid call 55 
.rapid call56
.rapid call 56 
.rapid call57
.rapid call 57 
.rapid call58
.rapid call 58 
.rapid call59
.rapid call 59 
.rapid call60
.rapid call 60 
.rapid call61
.rapid call 61 
.rapid call62
.rapid call 62 
.rapid call63
.rapid call 63 
.rapid call64
.rapid call 64 
.rapid call65
.rapid call 65 
.rapid call66
.rapid call 66 
.rapid call67
.rapid call 67 
.rapid call68
.rapid call 68 
.rapid call69
.rapid call 69 
.rapid call70
.rapid call 70 
.rapid call71
.rapid call 71 
.rapid call72
.rapid call 72 
.rapid call73
.rapid call 73 
.rapid call74
.rapid call 74 
.rapid call75
.rapid call 75 
.rapid call76
.rapid call 76 
.rapid call77
.rapid call 77 
.rapid call78
.rapid call 78 
.rapid call79
.rapid call 79 
.rapid call80
.rapid call 80 
.rapid call81
.rapid call 81 
.rapid call82
.rapid call 82 
.rapid call83
.rapid call 83 
.rapid call84
.rapid call 84 
.rapid call85
.rapid call 85 
.rapid call86
.rapid call 86 
.rapid call87
.rapid call 87 
.rapid call88
.rapid call 88 
.rapid call89
.rapid call 89 
.rapid call90
.rapid call 90 
.rapid call91
.rapid call 91 
.rapid call92
.rapid call 92 
.rapid call93
.rapid call 93 
.rapid call94
.rapid call 94 
.rapid call95
.rapid call 95 
.rapid call96
.rapid call 96 
.rapid call97
.rapid call 97 
.rapid call98
.rapid call 98 
.rapid call99
.rapid call 99 
.rapid call100
.rapid call 100 
....Large object:List of 2
 $ data    : num [1:100, 1:100] 1.371 -0.565 0.363 0.633 0.404 ...
 $ metadata:List of 3
  ..$ description: chr "Large test object"
  ..$ size       : chr "10KB"
  ..$ created    : POSIXct[1:1], format: "2025-09-06 15:05:22"
.Large object: List of 2
 $ data    : num [1:100, 1:100] 1.371 -0.565 0.363 0.633 0.404 ...
 $ metadata:List of 3
  ..$ description: chr "Large test object"
  ..$ size       : chr "10KB"
  ..$ created    : POSIXct[1:1], format: "2025-09-06 15:05:22" 
.Object:<function: X[[i]] >
.Object: <function: X[[i]] > 
.Object: list()
 - attr(*, "class")= chr "custom_class"
.Object:  list()
 - attr(*, "class")= chr "custom_class" 
.Object:<environment:  >
.Object: <environment:  > 
...........
enhanced-function-audit-verbose: .S..
📊 GENERATING COMPREHENSIVE AUDIT REPORT
================================================== 

📈 SUMMARY STATISTICS
-------------------- 
Total exported functions: 2 
Functions with documentation: 0 ( 0 %)
Functions with examples: 0 ( 0 %)
Functions with tests: 0 ( 0 %)

📂 FUNCTION CATEGORIES
-------------------- 
essential           :  1 functions
deprecated          :  1 functions

📁 ESSENTIAL FUNCTIONS
------------------- 
  process_zoom_transcript        | Doc:✅ Test:✅ Ex:✅ | Unknown

📁 DEPRECATED FUNCTIONS
-------------------- 
  old_function                   | Doc:✅ Test:✅ Ex:✅ | Unknown

...
📊 GENERATING COMPREHENSIVE AUDIT REPORT
================================================== 

📈 SUMMARY STATISTICS
-------------------- 
Total exported functions: 0 
Functions with documentation: 0 (0%)
Functions with examples: 0 (0%)
Functions with tests: 0 (0%)

📂 FUNCTION CATEGORIES
-------------------- 

..
📊 GENERATING COMPREHENSIVE AUDIT REPORT
================================================== 

📈 SUMMARY STATISTICS
-------------------- 
Total exported functions: 1 
Functions with documentation: 0 ( 0 %)
Functions with examples: 0 ( 0 %)
Functions with tests: 0 ( 0 %)

📂 FUNCTION CATEGORIES
-------------------- 
essential           :  1 functions

📁 ESSENTIAL FUNCTIONS
------------------- 
  test_function                  | Doc:✅ Test:✅ Ex:✅ | Unknown

..
📊 GENERATING COMPREHENSIVE AUDIT REPORT
================================================== 

📈 SUMMARY STATISTICS
-------------------- 
Total exported functions: 1 
Functions with documentation: 0 ( 0 %)
Functions with examples: 0 ( 0 %)
Functions with tests: 0 ( 0 %)

📂 FUNCTION CATEGORIES
-------------------- 
essential           :  1 functions

📁 ESSENTIAL FUNCTIONS
------------------- 
  test_function                  | Doc:✅ Test:✅ Ex:✅ | Unknown

.S
📊 GENERATING COMPREHENSIVE AUDIT REPORT
================================================== 

📈 SUMMARY STATISTICS
-------------------- 
Total exported functions: 2 
Functions with documentation: 0 ( 0 %)
Functions with examples: 0 ( 0 %)
Functions with tests: 0 ( 0 %)

📂 FUNCTION CATEGORIES
-------------------- 
core_workflow       :  0 functions
privacy_compliance  :  0 functions
data_processing     :  0 functions
analysis            :  0 functions
visualization       :  0 functions
utility             :  0 functions
advanced            :  0 functions
deprecated          :  0 functions
uncategorized       :  2 functions

📁 UNCATEGORIZED FUNCTIONS
----------------------- 
  essential_func                 | Doc:❌ Test:✅ Ex:✅ | Unknown
  deprecated_func                | Doc:❌ Test:✅ Ex:✅ | Unknown

.....
📊 GENERATING COMPREHENSIVE AUDIT REPORT
================================================== 

📈 SUMMARY STATISTICS
-------------------- 
Total exported functions: 2 
Functions with documentation: 0 ( 0 %)
Functions with examples: 0 ( 0 %)
Functions with tests: 0 ( 0 %)

📂 FUNCTION CATEGORIES
-------------------- 
core_workflow       :  0 functions
privacy_compliance  :  0 functions
data_processing     :  0 functions
analysis            :  0 functions
visualization       :  0 functions
utility             :  0 functions
advanced            :  0 functions
deprecated          :  0 functions
uncategorized       :  2 functions

📁 UNCATEGORIZED FUNCTIONS
----------------------- 
  complex_function               | Doc:❌ Test:✅ Ex:✅ | Unknown
  simple_function                | Doc:❌ Test:✅ Ex:✅ | Unknown

.
equity-boundary-cases: W..W.W..W.W.W..W..W.W.W.W.W..W..W.W..W.W.W..W.W.W..W.W.W..W.W.W.W.W.W.W.W.W.W.W.W..
equity-failure-modes: W.W.W.W..W.W.W.W.W.W.W.W..W.W.W.W.......W.W.W.W.W.W..W.W.W..
equity-validation: W.W.W...W.W.W..W.W.W..WWW......W.W.W..W..W...W.W.W.W..W.W.W..W.W.W..WWW......W...W.W..W.W.W..WWW......
ethical_compliance: W........W...W...W...W...W...WW.......WW...WW..............W..W..WW..WW.......W...W.....
ferpa_compliance-issue310: W....W..W.....WWW........
ferpa_compliance: W..........W..W..W.........W.........W...W.W.....................Unmatched names action set to 'stop' - maximum privacy protection enabled.
..Unmatched names action set to 'stop' - maximum privacy protection enabled.
..Unmatched names action set to 'stop' - maximum privacy protection enabled.
.Unmatched names action set to 'stop' - maximum privacy protection enabled.
..Unmatched names action set to 'stop' - maximum privacy protection enabled.
W...........
function-audit-system-verbose: ............................
ideal_course_transcripts: ..........Rows: 7 Columns: 4
-- Column specification --------------------------------------------------------
Delimiter: ","
chr (3): formal_name, preferred_name, transcript_names
num (1): attends_sessions

i Use `spec()` to retrieve the full column specification for this data.
i Specify the column types or set `show_col_types = FALSE` to quiet this message.
..
ideal-course-batch: ........................................
ideal-course-integration: .....................
ideal-export: W.W.......W.W.WW..W.
ideal-validation: ..SWWWWWWWWW.SWWWWWWWW.S.........
interactive-fallback-verbose: .....................
issue-310-verbose-coverage: ...W.
join_transcripts_list: ..........
load_and_process_zoom_transcript: 12345
load_cancelled_classes: ....W.....W.....
load_roster-schema: ..
load_roster: ...............
load_section_names_lookup: ...............
load_session_mapping: ...W......................SW...
load_transcript_files_list: ............
load_zoom_recorded_sessions_list: .....................
load_zoom_transcript-schema: ..
load_zoom_transcript: ......................
lookup-merge-utils: W.WW..W.W.WW.WWW..W.WW.WWW..WWW..WWW..WWW..
make_blank_cancelled_classes_df: ..........................
make_blank_section_names_lookup_csv: 6
make_clean_names_df: WW.WW.WW.WW..W.W.W.W.W.W.WW..WW..WW.WW..WW...
make_metrics_lookup_df: W......WW.
make_names_to_clean_df: ..........
make_new_analysis_template: .......
make_roster_small: ..............
make_sections_df: W.....W..W.W....W.W.
make_semester_df: W......W...W.W.
make_student_roster_sessions: ...................
make_students_only_transcripts_summary_df: 789a
make_transcripts_session_summary_df: bcdefg
make_transcripts_summary_df: ................................................WWWWW.................................................................
mask_user_names_by_metric: .........
name-matching: WW.........WW..........WW.........WW.......
no-artifacts: ...
onload-defaults: ..............W..
participant-classification: h.ijklW..
performance-optimization: SSSSS
performance: SSS.S.SSSSS
plot_users: WW.WW.
plotting_functions: WWmWWnWWoWWpWWq
privacy_audit-issue310: ...
privacy_audit: ..
privacy-defaults: ....WrWW..WW...
process_zoom_transcript: ....W...
prompt_name_matching: sW.W.W.W.W.tWW..WW..WWW....W.W.W.W.W.W.W.W.W.W.
rmd-readonly-gate: .W..
run_student_reports: W

processing file: Zoom_Student_Engagement_Analysis_student_summary_report.Rmd
1/14         
2/14 [setup] 
3/14         
4/14 [chunk1]
5/14         
6/14 [chunk2]
7/14         
8/14 [chunk3]
9/14         
10/14 [chunk4]
11/14         
12/14 [chunk5]
13/14         
14/14 [chunk6]
output file: Zoom_Student_Engagement_Analysis_student_summary_report.knit.md

/opt/homebrew/bin/pandoc +RTS -K512m -RTS Zoom_Student_Engagement_Analysis_student_summary_report.knit.md --to html4 --from markdown+autolink_bare_uris+tex_math_single_backslash --output pandocfda1c57c915.html --lua-filter /Library/Frameworks/R.framework/Versions/4.1-arm64/Resources/library/rmarkdown/rmarkdown/lua/pagebreak.lua --lua-filter /Library/Frameworks/R.framework/Versions/4.1-arm64/Resources/library/rmarkdown/rmarkdown/lua/latex-div.lua --embed-resources --standalone --variable bs3=TRUE --section-divs --template /Library/Frameworks/R.framework/Versions/4.1-arm64/Resources/library/rmarkdown/rmd/h/default.html --no-highlight --variable highlightjs=1 --variable theme=bootstrap --mathjax --variable 'mathjax-url=https://mathjax.rstudio.com/latest/MathJax.js?config=TeX-AMS-MML_HTMLorMML' --include-in-header /var/folders/gm/wnk5gljx6yd_ffmqb8vf48qh0000gn/T//RtmpDuNFpF/rmarkdown-strfda1594625bd.html 

Output created: /var/folders/gm/wnk5gljx6yd_ffmqb8vf48qh0000gn/T//RtmpDuNFpF/zse_reportsfda1127e9ff6/extdata/Zoom_Student_Engagement_Analysis_student_summary_report - section 23.24 - All Students.html


processing file: Zoom_Student_Engagement_Analysis_student_summary_report.Rmd
1/14         
2/14 [setup] 
3/14         
4/14 [chunk1]
5/14         
6/14 [chunk2]
7/14         
8/14 [chunk3]
9/14         
10/14 [chunk4]
11/14         
12/14 [chunk5]
13/14         
14/14 [chunk6]
output file: Zoom_Student_Engagement_Analysis_student_summary_report.knit.md

/opt/homebrew/bin/pandoc +RTS -K512m -RTS Zoom_Student_Engagement_Analysis_student_summary_report.knit.md --to html4 --from markdown+autolink_bare_uris+tex_math_single_backslash --output pandocfda153e70500.html --lua-filter /Library/Frameworks/R.framework/Versions/4.1-arm64/Resources/library/rmarkdown/rmarkdown/lua/pagebreak.lua --lua-filter /Library/Frameworks/R.framework/Versions/4.1-arm64/Resources/library/rmarkdown/rmarkdown/lua/latex-div.lua --embed-resources --standalone --variable bs3=TRUE --section-divs --template /Library/Frameworks/R.framework/Versions/4.1-arm64/Resources/library/rmarkdown/rmd/h/default.html --no-highlight --variable highlightjs=1 --variable theme=bootstrap --mathjax --variable 'mathjax-url=https://mathjax.rstudio.com/latest/MathJax.js?config=TeX-AMS-MML_HTMLorMML' --include-in-header /var/folders/gm/wnk5gljx6yd_ffmqb8vf48qh0000gn/T//RtmpDuNFpF/rmarkdown-strfda13332eb12.html 

Output created: /var/folders/gm/wnk5gljx6yd_ffmqb8vf48qh0000gn/T//RtmpDuNFpF/zse_reportsfda1127e9ff6/extdata/Zoom_Student_Engagement_Analysis_student_summary_report - section 23.24 - Conor Healy.html
.
safe_name_matching_workflow_coverage: .............WWWWWWWWWWWWW......WWWWWWWWWWWWWWW..WWWWWWWWWWWWWWW..WWWWWWWWWWWWWWW..WWWWW.WWWWWWWu..WWWWWWWWWWWWWWW......WWWWWWWWWWWWW..WWWWWWWWWWWWWWW.WWWWWWWWWWWWW..WWWWWWWWWWWWW..WWWWWWWWWW..W.W.W.WW.W.W..W..W.W.W.W.W.W....W.WW.WWW.WWW.W.W.W..W.W.W..W.W..
safe_name_matching_workflow: ..W........WWWWWWWW....WWWWWWWW..W.W.W.WWWWWWW....WWWWWWW..W.W.W.WWWW.....WWW..W..W..W.W..W..........W.W.WW.
schema: ...
success-metrics-verbose: ...........v.W....W..wx.W.
summarize_transcript_files-duplicates: y
summarize_transcript_files: ..........................................
summarize_transcript_metrics_segfault: SS
summarize_transcript_metrics: WWzABCDE.WW.FWWG.WWHIWJKLWMNOP...
utils-diagnostics-if: ......
utils-diagnostics: ....
validate_privacy_compliance: .....................
validation-system-verbose: Q✅ Validating function audit results...
R✅ Validating function audit results...

📊 VALIDATION SUMMARY
==================== 
Function Count: 0/30 ✅
Categories Complete: ✅
Documentation Coverage: 0.0% ❌
Test Coverage: 0.0% ❌
CRAN Compliance: ❌

.S✅ Validating function audit results...
T
write_engagement_metrics: ........................WW.........WW.............
write_metrics-dir: ..
write_metrics-issue310: .....
write_metrics: W...
write_section_names_lookup: ......
write_transcripts_session_summary: ......
write_transcripts_summary: ......

══ Skipped ═════════════════════════════════════════════════════════════════════
1. analyze_transcripts basic functionality ('test-analyze_transcripts.R:90:1') - Reason: empty test

2. analyze_transcripts error handling ('test-analyze_transcripts.R:231:1') - Reason: empty test

3. analyze_transcripts integration ('test-analyze_transcripts.R:286:1') - Reason: empty test

4. analyze_transcripts edge cases ('test-analyze_transcripts.R:386:1') - Reason: empty test

5. analyze_transcripts real-world scenarios ('test-analyze_transcripts.R:478:1') - Reason: empty test

6. analyze_transcripts performance characteristics ('test-analyze_transcripts.R:565:1') - Reason: empty test

7. analyze_transcripts cleanup and validation ('test-analyze_transcripts.R:610:1') - Reason: empty test

8. consolidate_transcript minimal test with logging ('test-consolidate_transcript_segfault.R:6:3') - Reason: On CRAN

9. consolidate_transcript with rlang::syms debugging ('test-consolidate_transcript_segfault.R:66:3') - Reason: On CRAN

10. create_session_mapping handles interactive mode with mocked input ('test-create_session_mapping.R:424:3') - Reason: Interactive mode testing requires manual verification

11. create_session_mapping handles interactive mode with skip selection ('test-create_session_mapping.R:429:3') - Reason: Interactive mode testing requires manual verification

12. create_session_mapping handles interactive mode with invalid selection ('test-create_session_mapping.R:434:3') - Reason: Interactive mode testing requires manual verification

13. enhanced function audit provides comprehensive analysis ('test-enhanced-function-audit-verbose.R:16:5') - Reason: NAMESPACE file not available in test environment

14. function analysis provides meaningful insights ('test-enhanced-function-audit-verbose.R:118:1') - Reason: empty test

15. structure validation is deprecated and returns appropriate structure ('test-ideal-validation.R:38:5') - Reason: Function validate_ideal_transcript_structure does not exist

16. timing consistency validation is deprecated and returns appropriate structure ('test-ideal-validation.R:67:5') - Reason: Function validate_ideal_timing_consistency does not exist

17. comprehensive validation is deprecated and returns appropriate structure ('test-ideal-validation.R:96:5') - Reason: Function validate_ideal_transcript_comprehensive does not exist

18. load_session_mapping handles edge cases ('test-load_session_mapping.R:228:3') - Reason: Skipping empty zoom recordings test due to data handling issues

19. consolidate_transcript performance with large datasets ('test-performance-optimization.R:5:3') - Reason: On CRAN

20. summarize_transcript_metrics performance with large datasets ('test-performance-optimization.R:39:3') - Reason: On CRAN

21. consolidate_transcript handles edge cases efficiently ('test-performance-optimization.R:73:3') - Reason: On CRAN

22. consolidate_transcript maintains linear time complexity ('test-performance-optimization.R:105:3') - Reason: On CRAN

23. consolidate_transcript memory usage is reasonable ('test-performance-optimization.R:146:3') - Reason: On CRAN

24. individual transcript processing meets performance requirements ('test-performance.R:22:3') - Reason: On CRAN

25. batch processing meets performance requirements ('test-performance.R:45:3') - Reason: On CRAN

26. memory usage is within acceptable limits ('test-performance.R:64:3') - Reason: On CRAN

27. benchmarking functions work correctly ('test-performance.R:77:3') - Reason: On CRAN

28. benchmark results have expected structure ('test-performance.R:121:3') - Reason: On CRAN

29. ideal course transcript processing functions are performant ('test-performance.R:155:3') - Reason: On CRAN

30. consolidate_transcript performance with ideal course data ('test-performance.R:188:3') - Reason: On CRAN

31. performance benchmarks handle missing files gracefully ('test-performance.R:212:3') - Reason: On CRAN

32. memory profiling works when pryr is available ('test-performance.R:239:3') - Reason: On CRAN

33. summarize_transcript_metrics minimal test with logging ('test-summarize_transcript_metrics_segfault.R:6:3') - Reason: On CRAN

34. summarize_transcript_metrics with rlang::syms debugging ('test-summarize_transcript_metrics_segfault.R:66:3') - Reason: On CRAN

══ Warnings ════════════════════════════════════════════════════════════════════
1. add_dead_air_rows returns NULL for non-tibble input ('test-add_dead_air_rows.R:22:3') - Function 'add_dead_air_rows' is deprecated and will be removed in the next version. Please use the essential functions instead. See ?get_essential_functions for alternatives.

2. add_dead_air_rows returns NULL for non-tibble input ('test-add_dead_air_rows.R:26:3') - Function 'add_dead_air_rows' is deprecated and will be removed in the next version. Please use the essential functions instead. See ?get_essential_functions for alternatives.

3. add_dead_air_rows returns NULL for non-tibble input ('test-add_dead_air_rows.R:30:3') - Function 'add_dead_air_rows' is deprecated and will be removed in the next version. Please use the essential functions instead. See ?get_essential_functions for alternatives.

4. add_dead_air_rows returns NULL for non-tibble input ('test-add_dead_air_rows.R:34:3') - Function 'add_dead_air_rows' is deprecated and will be removed in the next version. Please use the essential functions instead. See ?get_essential_functions for alternatives.

5. add_dead_air_rows handles empty input ('test-add_dead_air_rows.R:49:3') - Function 'add_dead_air_rows' is deprecated and will be removed in the next version. Please use the essential functions instead. See ?get_essential_functions for alternatives.

6. add_dead_air_rows handles single comment ('test-add_dead_air_rows.R:65:3') - Function 'add_dead_air_rows' is deprecated and will be removed in the next version. Please use the essential functions instead. See ?get_essential_functions for alternatives.

7. add_dead_air_rows handles two comments with gap ('test-add_dead_air_rows.R:91:3') - Function 'add_dead_air_rows' is deprecated and will be removed in the next version. Please use the essential functions instead. See ?get_essential_functions for alternatives.

8. add_dead_air_rows handles three comments with gaps ('test-add_dead_air_rows.R:117:3') - Function 'add_dead_air_rows' is deprecated and will be removed in the next version. Please use the essential functions instead. See ?get_essential_functions for alternatives.

9. add_dead_air_rows handles consecutive comments (no gaps) ('test-add_dead_air_rows.R:136:3') - Function 'add_dead_air_rows' is deprecated and will be removed in the next version. Please use the essential functions instead. See ?get_essential_functions for alternatives.

10. add_dead_air_rows handles custom dead air name ('test-add_dead_air_rows.R:155:3') - Function 'add_dead_air_rows' is deprecated and will be removed in the next version. Please use the essential functions instead. See ?get_essential_functions for alternatives.

11. add_dead_air_rows handles unsorted input ('test-add_dead_air_rows.R:174:3') - Function 'add_dead_air_rows' is deprecated and will be removed in the next version. Please use the essential functions instead. See ?get_essential_functions for alternatives.

12. add_dead_air_rows handles existing optional columns ('test-add_dead_air_rows.R:195:3') - Function 'add_dead_air_rows' is deprecated and will be removed in the next version. Please use the essential functions instead. See ?get_essential_functions for alternatives.

13. add_dead_air_rows handles overlapping times ('test-add_dead_air_rows.R:220:3') - Function 'add_dead_air_rows' is deprecated and will be removed in the next version. Please use the essential functions instead. See ?get_essential_functions for alternatives.

14. add_dead_air_rows preserves original column order ('test-add_dead_air_rows.R:240:3') - Function 'add_dead_air_rows' is deprecated and will be removed in the next version. Please use the essential functions instead. See ?get_essential_functions for alternatives.

15. add_dead_air_rows handles hms time format ('test-add_dead_air_rows.R:262:3') - Function 'add_dead_air_rows' is deprecated and will be removed in the next version. Please use the essential functions instead. See ?get_essential_functions for alternatives.

16. add_dead_air_rows handles large gaps ('test-add_dead_air_rows.R:281:3') - Function 'add_dead_air_rows' is deprecated and will be removed in the next version. Please use the essential functions instead. See ?get_essential_functions for alternatives.

17. add_dead_air_rows handles very small gaps ('test-add_dead_air_rows.R:300:3') - Function 'add_dead_air_rows' is deprecated and will be removed in the next version. Please use the essential functions instead. See ?get_essential_functions for alternatives.

18. add_dead_air_rows handles edge case with zero duration ('test-add_dead_air_rows.R:319:3') - Function 'add_dead_air_rows' is deprecated and will be removed in the next version. Please use the essential functions instead. See ?get_essential_functions for alternatives.

19. add_dead_air_rows handles special characters in names and comments ('test-add_dead_air_rows.R:338:3') - Function 'add_dead_air_rows' is deprecated and will be removed in the next version. Please use the essential functions instead. See ?get_essential_functions for alternatives.

20. analyze_transcripts processes valid folder correctly ('test-analyze_transcripts.R:98:7') - Function 'add_dead_air_rows' is deprecated and will be removed in the next version. Please use the essential functions instead. See ?get_essential_functions for alternatives.

21. analyze_transcripts processes valid folder correctly ('test-analyze_transcripts.R:98:7') - Function 'add_dead_air_rows' is deprecated and will be removed in the next version. Please use the essential functions instead. See ?get_essential_functions for alternatives.

22. analyze_transcripts processes valid folder correctly ('test-analyze_transcripts.R:98:7') - Function 'add_dead_air_rows' is deprecated and will be removed in the next version. Please use the essential functions instead. See ?get_essential_functions for alternatives.

23. analyze_transcripts handles parameters correctly ('test-analyze_transcripts.R:117:7') - Function 'add_dead_air_rows' is deprecated and will be removed in the next version. Please use the essential functions instead. See ?get_essential_functions for alternatives.

24. analyze_transcripts handles parameters correctly ('test-analyze_transcripts.R:117:7') - Function 'add_dead_air_rows' is deprecated and will be removed in the next version. Please use the essential functions instead. See ?get_essential_functions for alternatives.

25. analyze_transcripts handles parameters correctly ('test-analyze_transcripts.R:117:7') - Function 'add_dead_air_rows' is deprecated and will be removed in the next version. Please use the essential functions instead. See ?get_essential_functions for alternatives.

26. analyze_transcripts write functionality works ('test-analyze_transcripts.R:142:7') - Function 'add_dead_air_rows' is deprecated and will be removed in the next version. Please use the essential functions instead. See ?get_essential_functions for alternatives.

27. analyze_transcripts write functionality works ('test-analyze_transcripts.R:142:7') - Function 'add_dead_air_rows' is deprecated and will be removed in the next version. Please use the essential functions instead. See ?get_essential_functions for alternatives.

28. analyze_transcripts write functionality works ('test-analyze_transcripts.R:142:7') - Function 'add_dead_air_rows' is deprecated and will be removed in the next version. Please use the essential functions instead. See ?get_essential_functions for alternatives.

29. analyze_transcripts handles NULL output_path ('test-analyze_transcripts.R:164:7') - Function 'add_dead_air_rows' is deprecated and will be removed in the next version. Please use the essential functions instead. See ?get_essential_functions for alternatives.

30. analyze_transcripts handles NULL output_path ('test-analyze_transcripts.R:164:7') - Function 'add_dead_air_rows' is deprecated and will be removed in the next version. Please use the essential functions instead. See ?get_essential_functions for alternatives.

31. analyze_transcripts handles NULL output_path ('test-analyze_transcripts.R:164:7') - Function 'add_dead_air_rows' is deprecated and will be removed in the next version. Please use the essential functions instead. See ?get_essential_functions for alternatives.

32. analyze_transcripts works with single transcript file ('test-analyze_transcripts.R:205:5') - Function 'add_dead_air_rows' is deprecated and will be removed in the next version. Please use the essential functions instead. See ?get_essential_functions for alternatives.

33. analyze_transcripts handles international names correctly ('test-analyze_transcripts.R:216:7') - Function 'add_dead_air_rows' is deprecated and will be removed in the next version. Please use the essential functions instead. See ?get_essential_functions for alternatives.

34. analyze_transcripts handles international names correctly ('test-analyze_transcripts.R:216:7') - Function 'add_dead_air_rows' is deprecated and will be removed in the next version. Please use the essential functions instead. See ?get_essential_functions for alternatives.

35. analyze_transcripts handles international names correctly ('test-analyze_transcripts.R:216:7') - Function 'add_dead_air_rows' is deprecated and will be removed in the next version. Please use the essential functions instead. See ?get_essential_functions for alternatives.

36. analyze_transcripts integrates with write_metrics ('test-analyze_transcripts.R:347:11') - Function 'add_dead_air_rows' is deprecated and will be removed in the next version. Please use the essential functions instead. See ?get_essential_functions for alternatives.

37. analyze_transcripts integrates with write_metrics ('test-analyze_transcripts.R:347:11') - Function 'add_dead_air_rows' is deprecated and will be removed in the next version. Please use the essential functions instead. See ?get_essential_functions for alternatives.

38. analyze_transcripts integrates with write_metrics ('test-analyze_transcripts.R:347:11') - Function 'add_dead_air_rows' is deprecated and will be removed in the next version. Please use the essential functions instead. See ?get_essential_functions for alternatives.

39. analyze_transcripts maintains privacy compliance ('test-analyze_transcripts.R:365:7') - Function 'add_dead_air_rows' is deprecated and will be removed in the next version. Please use the essential functions instead. See ?get_essential_functions for alternatives.

40. analyze_transcripts maintains privacy compliance ('test-analyze_transcripts.R:365:7') - Function 'add_dead_air_rows' is deprecated and will be removed in the next version. Please use the essential functions instead. See ?get_essential_functions for alternatives.

41. analyze_transcripts maintains privacy compliance ('test-analyze_transcripts.R:365:7') - Function 'add_dead_air_rows' is deprecated and will be removed in the next version. Please use the essential functions instead. See ?get_essential_functions for alternatives.

42. analyze_transcripts handles multiple files with different content ('test-analyze_transcripts.R:393:7') - Function 'add_dead_air_rows' is deprecated and will be removed in the next version. Please use the essential functions instead. See ?get_essential_functions for alternatives.

43. analyze_transcripts handles multiple files with different content ('test-analyze_transcripts.R:393:7') - Function 'add_dead_air_rows' is deprecated and will be removed in the next version. Please use the essential functions instead. See ?get_essential_functions for alternatives.

44. analyze_transcripts handles multiple files with different content ('test-analyze_transcripts.R:393:7') - Function 'add_dead_air_rows' is deprecated and will be removed in the next version. Please use the essential functions instead. See ?get_essential_functions for alternatives.

45. analyze_transcripts handles various names_to_exclude patterns ('test-analyze_transcripts.R:412:7') - Function 'add_dead_air_rows' is deprecated and will be removed in the next version. Please use the essential functions instead. See ?get_essential_functions for alternatives.

46. analyze_transcripts handles various names_to_exclude patterns ('test-analyze_transcripts.R:412:7') - Function 'add_dead_air_rows' is deprecated and will be removed in the next version. Please use the essential functions instead. See ?get_essential_functions for alternatives.

47. analyze_transcripts handles various names_to_exclude patterns ('test-analyze_transcripts.R:412:7') - Function 'add_dead_air_rows' is deprecated and will be removed in the next version. Please use the essential functions instead. See ?get_essential_functions for alternatives.

48. analyze_transcripts write functionality with custom path ('test-analyze_transcripts.R:432:7') - Function 'add_dead_air_rows' is deprecated and will be removed in the next version. Please use the essential functions instead. See ?get_essential_functions for alternatives.

49. analyze_transcripts write functionality with custom path ('test-analyze_transcripts.R:432:7') - Function 'add_dead_air_rows' is deprecated and will be removed in the next version. Please use the essential functions instead. See ?get_essential_functions for alternatives.

50. analyze_transcripts write functionality with custom path ('test-analyze_transcripts.R:432:7') - Function 'add_dead_air_rows' is deprecated and will be removed in the next version. Please use the essential functions instead. See ?get_essential_functions for alternatives.

51. analyze_transcripts handles larger dataset simulation ('test-analyze_transcripts.R:469:7') - Function 'add_dead_air_rows' is deprecated and will be removed in the next version. Please use the essential functions instead. See ?get_essential_functions for alternatives.

52. analyze_transcripts handles larger dataset simulation ('test-analyze_transcripts.R:469:7') - Function 'add_dead_air_rows' is deprecated and will be removed in the next version. Please use the essential functions instead. See ?get_essential_functions for alternatives.

53. analyze_transcripts handles larger dataset simulation ('test-analyze_transcripts.R:469:7') - Function 'add_dead_air_rows' is deprecated and will be removed in the next version. Please use the essential functions instead. See ?get_essential_functions for alternatives.

54. analyze_transcripts handles larger dataset simulation ('test-analyze_transcripts.R:469:7') - Function 'add_dead_air_rows' is deprecated and will be removed in the next version. Please use the essential functions instead. See ?get_essential_functions for alternatives.

55. analyze_transcripts handles larger dataset simulation ('test-analyze_transcripts.R:469:7') - Function 'add_dead_air_rows' is deprecated and will be removed in the next version. Please use the essential functions instead. See ?get_essential_functions for alternatives.

56. analyze_transcripts handles larger dataset simulation ('test-analyze_transcripts.R:469:7') - Function 'add_dead_air_rows' is deprecated and will be removed in the next version. Please use the essential functions instead. See ?get_essential_functions for alternatives.

57. analyze_transcripts handles larger dataset simulation ('test-analyze_transcripts.R:469:7') - Function 'add_dead_air_rows' is deprecated and will be removed in the next version. Please use the essential functions instead. See ?get_essential_functions for alternatives.

58. analyze_transcripts handles larger dataset simulation ('test-analyze_transcripts.R:469:7') - Function 'add_dead_air_rows' is deprecated and will be removed in the next version. Please use the essential functions instead. See ?get_essential_functions for alternatives.

59. analyze_transcripts handles larger dataset simulation ('test-analyze_transcripts.R:469:7') - Function 'add_dead_air_rows' is deprecated and will be removed in the next version. Please use the essential functions instead. See ?get_essential_functions for alternatives.

60. analyze_transcripts handles larger dataset simulation ('test-analyze_transcripts.R:469:7') - Function 'add_dead_air_rows' is deprecated and will be removed in the next version. Please use the essential functions instead. See ?get_essential_functions for alternatives.

61. analyze_transcripts works with actual sample transcript ('test-analyze_transcripts.R:507:5') - Function 'add_dead_air_rows' is deprecated and will be removed in the next version. Please use the essential functions instead. See ?get_essential_functions for alternatives.

62. analyze_transcripts maintains privacy with real data ('test-analyze_transcripts.R:543:5') - Function 'add_dead_air_rows' is deprecated and will be removed in the next version. Please use the essential functions instead. See ?get_essential_functions for alternatives.

63. analyze_transcripts handles memory efficiently ('test-analyze_transcripts.R:575:7') - Function 'add_dead_air_rows' is deprecated and will be removed in the next version. Please use the essential functions instead. See ?get_essential_functions for alternatives.

64. analyze_transcripts handles memory efficiently ('test-analyze_transcripts.R:575:7') - Function 'add_dead_air_rows' is deprecated and will be removed in the next version. Please use the essential functions instead. See ?get_essential_functions for alternatives.

65. analyze_transcripts handles memory efficiently ('test-analyze_transcripts.R:575:7') - Function 'add_dead_air_rows' is deprecated and will be removed in the next version. Please use the essential functions instead. See ?get_essential_functions for alternatives.

66. analyze_transcripts processes files in reasonable time ('test-analyze_transcripts.R:595:7') - Function 'add_dead_air_rows' is deprecated and will be removed in the next version. Please use the essential functions instead. See ?get_essential_functions for alternatives.

67. analyze_transcripts processes files in reasonable time ('test-analyze_transcripts.R:595:7') - Function 'add_dead_air_rows' is deprecated and will be removed in the next version. Please use the essential functions instead. See ?get_essential_functions for alternatives.

68. analyze_transcripts processes files in reasonable time ('test-analyze_transcripts.R:595:7') - Function 'add_dead_air_rows' is deprecated and will be removed in the next version. Please use the essential functions instead. See ?get_essential_functions for alternatives.

69. analyze_transcripts cleans up temporary resources ('test-analyze_transcripts.R:617:7') - Function 'add_dead_air_rows' is deprecated and will be removed in the next version. Please use the essential functions instead. See ?get_essential_functions for alternatives.

70. analyze_transcripts cleans up temporary resources ('test-analyze_transcripts.R:617:7') - Function 'add_dead_air_rows' is deprecated and will be removed in the next version. Please use the essential functions instead. See ?get_essential_functions for alternatives.

71. analyze_transcripts cleans up temporary resources ('test-analyze_transcripts.R:617:7') - Function 'add_dead_air_rows' is deprecated and will be removed in the next version. Please use the essential functions instead. See ?get_essential_functions for alternatives.

72. analyze_transcripts passes comprehensive validation ('test-analyze_transcripts.R:638:7') - Function 'add_dead_air_rows' is deprecated and will be removed in the next version. Please use the essential functions instead. See ?get_essential_functions for alternatives.

73. analyze_transcripts passes comprehensive validation ('test-analyze_transcripts.R:638:7') - Function 'add_dead_air_rows' is deprecated and will be removed in the next version. Please use the essential functions instead. See ?get_essential_functions for alternatives.

74. analyze_transcripts passes comprehensive validation ('test-analyze_transcripts.R:638:7') - Function 'add_dead_air_rows' is deprecated and will be removed in the next version. Please use the essential functions instead. See ?get_essential_functions for alternatives.

75. calculate_content_similarity handles NULL transcripts ('test-calculate_content_similarity.R:3:3') - Function 'calculate_content_similarity' is deprecated and will be removed in the next version. Please use the essential functions instead. See ?get_essential_functions for alternatives.

76. calculate_content_similarity handles NULL transcripts ('test-calculate_content_similarity.R:4:3') - Function 'calculate_content_similarity' is deprecated and will be removed in the next version. Please use the essential functions instead. See ?get_essential_functions for alternatives.

77. calculate_content_similarity handles NULL transcripts ('test-calculate_content_similarity.R:5:3') - Function 'calculate_content_similarity' is deprecated and will be removed in the next version. Please use the essential functions instead. See ?get_essential_functions for alternatives.

78. calculate_content_similarity handles empty transcripts ('test-calculate_content_similarity.R:11:3') - Function 'calculate_content_similarity' is deprecated and will be removed in the next version. Please use the essential functions instead. See ?get_essential_functions for alternatives.

79. calculate_content_similarity handles transcripts with no meaningful data ('test-calculate_content_similarity.R:31:3') - Function 'calculate_content_similarity' is deprecated and will be removed in the next version. Please use the essential functions instead. See ?get_essential_functions for alternatives.

80. calculate_content_similarity filters excluded names ('test-calculate_content_similarity.R:52:3') - Function 'calculate_content_similarity' is deprecated and will be removed in the next version. Please use the essential functions instead. See ?get_essential_functions for alternatives.

81. calculate_content_similarity calculates similarity correctly ('test-calculate_content_similarity.R:73:3') - Function 'calculate_content_similarity' is deprecated and will be removed in the next version. Please use the essential functions instead. See ?get_essential_functions for alternatives.

82. create_analysis_config creates valid configuration with defaults ('test-create_analysis_config.R:2:3') - Function 'create_analysis_config' is deprecated and will be removed in the next version. Please use the essential functions instead. See ?get_essential_functions for alternatives.

83. create_analysis_config accepts custom parameters ('test-create_analysis_config.R:41:3') - Function 'create_analysis_config' is deprecated and will be removed in the next version. Please use the essential functions instead. See ?get_essential_functions for alternatives.

84. create_analysis_config validates input parameters ('test-create_analysis_config.R:64:3') - Function 'create_analysis_config' is deprecated and will be removed in the next version. Please use the essential functions instead. See ?get_essential_functions for alternatives.

85. create_analysis_config validates input parameters ('test-create_analysis_config.R:65:3') - Function 'create_analysis_config' is deprecated and will be removed in the next version. Please use the essential functions instead. See ?get_essential_functions for alternatives.

86. create_analysis_config validates input parameters ('test-create_analysis_config.R:68:3') - Function 'create_analysis_config' is deprecated and will be removed in the next version. Please use the essential functions instead. See ?get_essential_functions for alternatives.

87. create_analysis_config validates input parameters ('test-create_analysis_config.R:71:3') - Function 'create_analysis_config' is deprecated and will be removed in the next version. Please use the essential functions instead. See ?get_essential_functions for alternatives.

88. create_analysis_config validates input parameters ('test-create_analysis_config.R:72:3') - Function 'create_analysis_config' is deprecated and will be removed in the next version. Please use the essential functions instead. See ?get_essential_functions for alternatives.

89. create_analysis_config validates input parameters ('test-create_analysis_config.R:73:3') - Function 'create_analysis_config' is deprecated and will be removed in the next version. Please use the essential functions instead. See ?get_essential_functions for alternatives.

90. create_analysis_config validates input parameters ('test-create_analysis_config.R:76:3') - Function 'create_analysis_config' is deprecated and will be removed in the next version. Please use the essential functions instead. See ?get_essential_functions for alternatives.

91. create_analysis_config validates input parameters ('test-create_analysis_config.R:79:3') - Function 'create_analysis_config' is deprecated and will be removed in the next version. Please use the essential functions instead. See ?get_essential_functions for alternatives.

92. create_analysis_config validates input parameters ('test-create_analysis_config.R:82:3') - Function 'create_analysis_config' is deprecated and will be removed in the next version. Please use the essential functions instead. See ?get_essential_functions for alternatives.

93. create_analysis_config validates input parameters ('test-create_analysis_config.R:85:3') - Function 'create_analysis_config' is deprecated and will be removed in the next version. Please use the essential functions instead. See ?get_essential_functions for alternatives.

94. create_analysis_config works with edge cases ('test-create_analysis_config.R:90:3') - Function 'create_analysis_config' is deprecated and will be removed in the next version. Please use the essential functions instead. See ?get_essential_functions for alternatives.

95. create_analysis_config works with edge cases ('test-create_analysis_config.R:94:3') - Function 'create_analysis_config' is deprecated and will be removed in the next version. Please use the essential functions instead. See ?get_essential_functions for alternatives.

96. create_analysis_config works with edge cases ('test-create_analysis_config.R:98:3') - Function 'create_analysis_config' is deprecated and will be removed in the next version. Please use the essential functions instead. See ?get_essential_functions for alternatives.

97. create_analysis_config works with edge cases ('test-create_analysis_config.R:102:3') - Function 'create_analysis_config' is deprecated and will be removed in the next version. Please use the essential functions instead. See ?get_essential_functions for alternatives.

98. create_analysis_config maintains all required parameters ('test-create_analysis_config.R:107:3') - Function 'create_analysis_config' is deprecated and will be removed in the next version. Please use the essential functions instead. See ?get_essential_functions for alternatives.

99. create_course_info creates basic course info ('test-create_course_info.R:2:3') - Function 'create_course_info' is deprecated and will be removed in the next version. Please use the essential functions instead. See ?get_essential_functions for alternatives.

100. create_course_info validates input lengths ('test-create_course_info.R:21:3') - Function 'create_course_info' is deprecated and will be removed in the next version. Please use the essential functions instead. See ?get_essential_functions for alternatives.

101. create_course_info validates session_days length ('test-create_course_info.R:35:3') - Function 'create_course_info' is deprecated and will be removed in the next version. Please use the essential functions instead. See ?get_essential_functions for alternatives.

102. create_course_info validates session_times length ('test-create_course_info.R:50:3') - Function 'create_course_info' is deprecated and will be removed in the next version. Please use the essential functions instead. See ?get_essential_functions for alternatives.

103. create_course_info handles optional session information ('test-create_course_info.R:64:3') - Function 'create_course_info' is deprecated and will be removed in the next version. Please use the essential functions instead. See ?get_essential_functions for alternatives.

104. create_course_info creates correct structure ('test-create_session_mapping.R:2:3') - Function 'create_course_info' is deprecated and will be removed in the next version. Please use the essential functions instead. See ?get_essential_functions for alternatives.

105. create_course_info handles single course with multiple sections ('test-create_session_mapping.R:20:3') - Function 'create_course_info' is deprecated and will be removed in the next version. Please use the essential functions instead. See ?get_essential_functions for alternatives.

106. create_course_info validates input lengths ('test-create_session_mapping.R:37:3') - Function 'create_course_info' is deprecated and will be removed in the next version. Please use the essential functions instead. See ?get_essential_functions for alternatives.

107. create_course_info validates session_days length ('test-create_session_mapping.R:50:3') - Function 'create_course_info' is deprecated and will be removed in the next version. Please use the essential functions instead. See ?get_essential_functions for alternatives.

108. create_session_mapping creates correct structure ('test-create_session_mapping.R:70:3') - Function 'create_course_info' is deprecated and will be removed in the next version. Please use the essential functions instead. See ?get_essential_functions for alternatives.

109. create_session_mapping handles unmatched recordings ('test-create_session_mapping.R:102:3') - Function 'create_course_info' is deprecated and will be removed in the next version. Please use the essential functions instead. See ?get_essential_functions for alternatives.

110. create_session_mapping handles empty course_info ('test-create_session_mapping.R:127:3') - Function 'create_course_info' is deprecated and will be removed in the next version. Please use the essential functions instead. See ?get_essential_functions for alternatives.

111. create_session_mapping handles complex pattern matching ('test-create_session_mapping.R:155:3') - Function 'create_course_info' is deprecated and will be removed in the next version. Please use the essential functions instead. See ?get_essential_functions for alternatives.

112. create_session_mapping handles multiple matches correctly ('test-create_session_mapping.R:186:3') - Function 'create_course_info' is deprecated and will be removed in the next version. Please use the essential functions instead. See ?get_essential_functions for alternatives.

113. create_session_mapping handles file output correctly ('test-create_session_mapping.R:216:3') - Function 'create_course_info' is deprecated and will be removed in the next version. Please use the essential functions instead. See ?get_essential_functions for alternatives.

114. create_session_mapping handles invalid date formats gracefully ('test-create_session_mapping.R:253:3') - Function 'create_course_info' is deprecated and will be removed in the next version. Please use the essential functions instead. See ?get_essential_functions for alternatives.

115. create_session_mapping handles empty auto_assign_patterns ('test-create_session_mapping.R:284:3') - Function 'create_course_info' is deprecated and will be removed in the next version. Please use the essential functions instead. See ?get_essential_functions for alternatives.

116. create_session_mapping handles non-tibble inputs ('test-create_session_mapping.R:334:3') - Function 'create_course_info' is deprecated and will be removed in the next version. Please use the essential functions instead. See ?get_essential_functions for alternatives.

117. create_session_mapping creates correct course_section column ('test-create_session_mapping.R:358:3') - Function 'create_course_info' is deprecated and will be removed in the next version. Please use the essential functions instead. See ?get_essential_functions for alternatives.

118. create_session_mapping handles course_section with missing data ('test-create_session_mapping.R:386:3') - Function 'create_course_info' is deprecated and will be removed in the next version. Please use the essential functions instead. See ?get_essential_functions for alternatives.

119. create_session_mapping handles interactive mode with mocked input ('test-create_session_mapping.R:414:3') - Function 'create_course_info' is deprecated and will be removed in the next version. Please use the essential functions instead. See ?get_essential_functions for alternatives.

120. create_session_mapping handles interactive mode with no unmatched recordings ('test-create_session_mapping.R:444:3') - Function 'create_course_info' is deprecated and will be removed in the next version. Please use the essential functions instead. See ?get_essential_functions for alternatives.

121. create_session_mapping handles file output with error ('test-create_session_mapping.R:478:3') - Function 'create_course_info' is deprecated and will be removed in the next version. Please use the essential functions instead. See ?get_essential_functions for alternatives.

122. create_session_mapping handles course_section with partial data ('test-create_session_mapping.R:507:3') - Function 'create_course_info' is deprecated and will be removed in the next version. Please use the essential functions instead. See ?get_essential_functions for alternatives.

123. create_session_mapping handles multiple pattern matches correctly ('test-create_session_mapping.R:537:3') - Function 'create_course_info' is deprecated and will be removed in the next version. Please use the essential functions instead. See ?get_essential_functions for alternatives.

124. create_session_mapping handles pattern matching with no matches ('test-create_session_mapping.R:571:3') - Function 'create_course_info' is deprecated and will be removed in the next version. Please use the essential functions instead. See ?get_essential_functions for alternatives.

125. create_session_mapping handles warning suppression in test environment ('test-create_session_mapping.R:605:3') - Function 'create_course_info' is deprecated and will be removed in the next version. Please use the essential functions instead. See ?get_essential_functions for alternatives.

126. create_session_mapping handles NULL output_file ('test-create_session_mapping.R:633:3') - Function 'create_course_info' is deprecated and will be removed in the next version. Please use the essential functions instead. See ?get_essential_functions for alternatives.

127. create_session_mapping handles pattern matching with special characters ('test-create_session_mapping.R:671:3') - Function 'create_course_info' is deprecated and will be removed in the next version. Please use the essential functions instead. See ?get_essential_functions for alternatives.

128. create_session_mapping handles case insensitive pattern matching ('test-create_session_mapping.R:702:3') - Function 'create_course_info' is deprecated and will be removed in the next version. Please use the essential functions instead. See ?get_essential_functions for alternatives.

129. create_session_mapping handles empty zoom_recordings ('test-create_session_mapping.R:733:3') - Function 'create_course_info' is deprecated and will be removed in the next version. Please use the essential functions instead. See ?get_essential_functions for alternatives.

130. create_session_mapping handles pattern matching with no course matches ('test-create_session_mapping.R:764:3') - Function 'create_course_info' is deprecated and will be removed in the next version. Please use the essential functions instead. See ?get_essential_functions for alternatives.

131. create_session_mapping handles date parsing with different formats ('test-create_session_mapping.R:797:3') - Function 'create_course_info' is deprecated and will be removed in the next version. Please use the essential functions instead. See ?get_essential_functions for alternatives.

132. create_session_mapping handles course_section with missing columns ('test-create_session_mapping.R:839:3') - Function 'create_course_info' is deprecated and will be removed in the next version. Please use the essential functions instead. See ?get_essential_functions for alternatives.

133. create_session_mapping handles interactive mode with no unmatched recordings ('test-create_session_mapping.R:869:3') - Function 'create_course_info' is deprecated and will be removed in the next version. Please use the essential functions instead. See ?get_essential_functions for alternatives.

134. create_session_mapping shows warning when unmatched recordings exist outside test environment ('test-create_session_mapping.R:903:3') - Function 'create_course_info' is deprecated and will be removed in the next version. Please use the essential functions instead. See ?get_essential_functions for alternatives.

135. create_session_mapping shows warning when unmatched recordings exist outside test environment ('test-create_session_mapping.R:918:7') - Function 'create_session_mapping' is deprecated and will be removed in the next version. Please use the essential functions instead. See ?get_essential_functions for alternatives.

136. create_session_mapping handles course_section with missing columns gracefully ('test-create_session_mapping.R:945:3') - Function 'create_course_info' is deprecated and will be removed in the next version. Please use the essential functions instead. See ?get_essential_functions for alternatives.

137. create_session_mapping handles empty auto_assign_patterns with unmatched recordings ('test-create_session_mapping.R:976:3') - Function 'create_course_info' is deprecated and will be removed in the next version. Please use the essential functions instead. See ?get_essential_functions for alternatives.

138. calculate_content_similarity handles edge cases ('test-detect_duplicate_transcripts.R:55:3') - Function 'calculate_content_similarity' is deprecated and will be removed in the next version. Please use the essential functions instead. See ?get_essential_functions for alternatives.

139. calculate_content_similarity handles edge cases ('test-detect_duplicate_transcripts.R:56:3') - Function 'calculate_content_similarity' is deprecated and will be removed in the next version. Please use the essential functions instead. See ?get_essential_functions for alternatives.

140. calculate_content_similarity handles edge cases ('test-detect_duplicate_transcripts.R:57:3') - Function 'calculate_content_similarity' is deprecated and will be removed in the next version. Please use the essential functions instead. See ?get_essential_functions for alternatives.

141. calculate_content_similarity handles edge cases ('test-detect_duplicate_transcripts.R:61:3') - Function 'calculate_content_similarity' is deprecated and will be removed in the next version. Please use the essential functions instead. See ?get_essential_functions for alternatives.

142. calculate_content_similarity handles edge cases ('test-detect_duplicate_transcripts.R:65:3') - Function 'calculate_content_similarity' is deprecated and will be removed in the next version. Please use the essential functions instead. See ?get_essential_functions for alternatives.

143. calculate_content_similarity calculates similarity correctly ('test-detect_duplicate_transcripts.R:83:3') - Function 'calculate_content_similarity' is deprecated and will be removed in the next version. Please use the essential functions instead. See ?get_essential_functions for alternatives.

144. calculate_content_similarity calculates similarity correctly ('test-detect_duplicate_transcripts.R:90:3') - Function 'calculate_content_similarity' is deprecated and will be removed in the next version. Please use the essential functions instead. See ?get_essential_functions for alternatives.

145. detect_duplicate_transcripts content comparison works correctly ('test-detect_duplicate_transcripts.R:283:3') - Function 'calculate_content_similarity' is deprecated and will be removed in the next version. Please use the essential functions instead. See ?get_essential_functions for alternatives.

146. detect_duplicate_transcripts content comparison works correctly ('test-detect_duplicate_transcripts.R:283:3') - Function 'calculate_content_similarity' is deprecated and will be removed in the next version. Please use the essential functions instead. See ?get_essential_functions for alternatives.

147. detect_duplicate_transcripts content comparison works correctly ('test-detect_duplicate_transcripts.R:283:3') - Function 'calculate_content_similarity' is deprecated and will be removed in the next version. Please use the essential functions instead. See ?get_essential_functions for alternatives.

148. detect_duplicate_transcripts hybrid method works correctly ('test-detect_duplicate_transcripts.R:345:3') - Function 'calculate_content_similarity' is deprecated and will be removed in the next version. Please use the essential functions instead. See ?get_essential_functions for alternatives.

149. detect_duplicate_transcripts handles names_to_exclude parameter ('test-detect_duplicate_transcripts.R:413:3') - Function 'calculate_content_similarity' is deprecated and will be removed in the next version. Please use the essential functions instead. See ?get_essential_functions for alternatives.

150. detect_duplicate_transcripts handles names_to_exclude parameter ('test-detect_duplicate_transcripts.R:421:3') - Function 'calculate_content_similarity' is deprecated and will be removed in the next version. Please use the essential functions instead. See ?get_essential_functions for alternatives.

151. detect_duplicate_transcripts generates correct recommendations ('test-detect_duplicate_transcripts.R:467:3') - Function 'calculate_content_similarity' is deprecated and will be removed in the next version. Please use the essential functions instead. See ?get_essential_functions for alternatives.

152. detect_duplicate_transcripts generates correct recommendations ('test-detect_duplicate_transcripts.R:467:3') - Function 'calculate_content_similarity' is deprecated and will be removed in the next version. Please use the essential functions instead. See ?get_essential_functions for alternatives.

153. detect_duplicate_transcripts generates correct recommendations ('test-detect_duplicate_transcripts.R:467:3') - Function 'calculate_content_similarity' is deprecated and will be removed in the next version. Please use the essential functions instead. See ?get_essential_functions for alternatives.

154. detect_duplicate_transcripts handles similarity threshold variations ('test-detect_duplicate_transcripts.R:520:3') - Function 'calculate_content_similarity' is deprecated and will be removed in the next version. Please use the essential functions instead. See ?get_essential_functions for alternatives.

155. detect_duplicate_transcripts handles similarity threshold variations ('test-detect_duplicate_transcripts.R:529:3') - Function 'calculate_content_similarity' is deprecated and will be removed in the next version. Please use the essential functions instead. See ?get_essential_functions for alternatives.

156. detect_duplicate_transcripts handles transcript loading errors gracefully ('test-detect_duplicate_transcripts.R:742:3') - Could not load transcript: test1.vtt - Invalid VTT: expected 'WEBVTT', got 'This is not a valid VTT file'

157. detect_duplicate_transcripts handles transcript loading errors gracefully ('test-detect_duplicate_transcripts.R:742:3') - Function 'calculate_content_similarity' is deprecated and will be removed in the next version. Please use the essential functions instead. See ?get_essential_functions for alternatives.

158. verbose functions handle environment variable edge cases ('test-edge-cases-verbose.R:124:5') - Function 'diag_message' is deprecated and will be removed in the next version. Please use the essential functions instead. See ?get_essential_functions for alternatives.

159. verbose functions handle environment variable edge cases ('test-edge-cases-verbose.R:124:5') - Function 'is_verbose' is deprecated and will be removed in the next version. Please use the essential functions instead. See ?get_essential_functions for alternatives.

160. verbose functions handle environment variable edge cases ('test-edge-cases-verbose.R:125:5') - Function 'diag_cat' is deprecated and will be removed in the next version. Please use the essential functions instead. See ?get_essential_functions for alternatives.

161. verbose functions handle environment variable edge cases ('test-edge-cases-verbose.R:125:5') - Function 'is_verbose' is deprecated and will be removed in the next version. Please use the essential functions instead. See ?get_essential_functions for alternatives.

162. verbose functions handle environment variable edge cases ('test-edge-cases-verbose.R:124:5') - Function 'diag_message' is deprecated and will be removed in the next version. Please use the essential functions instead. See ?get_essential_functions for alternatives.

163. verbose functions handle environment variable edge cases ('test-edge-cases-verbose.R:124:5') - Function 'is_verbose' is deprecated and will be removed in the next version. Please use the essential functions instead. See ?get_essential_functions for alternatives.

164. verbose functions handle environment variable edge cases ('test-edge-cases-verbose.R:125:5') - Function 'diag_cat' is deprecated and will be removed in the next version. Please use the essential functions instead. See ?get_essential_functions for alternatives.

165. verbose functions handle environment variable edge cases ('test-edge-cases-verbose.R:125:5') - Function 'is_verbose' is deprecated and will be removed in the next version. Please use the essential functions instead. See ?get_essential_functions for alternatives.

166. verbose functions handle environment variable edge cases ('test-edge-cases-verbose.R:124:5') - Function 'diag_message' is deprecated and will be removed in the next version. Please use the essential functions instead. See ?get_essential_functions for alternatives.

167. verbose functions handle environment variable edge cases ('test-edge-cases-verbose.R:124:5') - Function 'is_verbose' is deprecated and will be removed in the next version. Please use the essential functions instead. See ?get_essential_functions for alternatives.

168. verbose functions handle environment variable edge cases ('test-edge-cases-verbose.R:125:5') - Function 'diag_cat' is deprecated and will be removed in the next version. Please use the essential functions instead. See ?get_essential_functions for alternatives.

169. verbose functions handle environment variable edge cases ('test-edge-cases-verbose.R:125:5') - Function 'is_verbose' is deprecated and will be removed in the next version. Please use the essential functions instead. See ?get_essential_functions for alternatives.

170. verbose functions handle environment variable edge cases ('test-edge-cases-verbose.R:124:5') - Function 'diag_message' is deprecated and will be removed in the next version. Please use the essential functions instead. See ?get_essential_functions for alternatives.

171. verbose functions handle environment variable edge cases ('test-edge-cases-verbose.R:124:5') - Function 'is_verbose' is deprecated and will be removed in the next version. Please use the essential functions instead. See ?get_essential_functions for alternatives.

172. verbose functions handle environment variable edge cases ('test-edge-cases-verbose.R:125:5') - Function 'diag_cat' is deprecated and will be removed in the next version. Please use the essential functions instead. See ?get_essential_functions for alternatives.

173. verbose functions handle environment variable edge cases ('test-edge-cases-verbose.R:125:5') - Function 'is_verbose' is deprecated and will be removed in the next version. Please use the essential functions instead. See ?get_essential_functions for alternatives.

174. verbose functions handle environment variable edge cases ('test-edge-cases-verbose.R:124:5') - Function 'diag_message' is deprecated and will be removed in the next version. Please use the essential functions instead. See ?get_essential_functions for alternatives.

175. verbose functions handle environment variable edge cases ('test-edge-cases-verbose.R:124:5') - Function 'is_verbose' is deprecated and will be removed in the next version. Please use the essential functions instead. See ?get_essential_functions for alternatives.

176. verbose functions handle environment variable edge cases ('test-edge-cases-verbose.R:125:5') - Function 'diag_cat' is deprecated and will be removed in the next version. Please use the essential functions instead. See ?get_essential_functions for alternatives.

177. verbose functions handle environment variable edge cases ('test-edge-cases-verbose.R:125:5') - Function 'is_verbose' is deprecated and will be removed in the next version. Please use the essential functions instead. See ?get_essential_functions for alternatives.

178. equity functions handle single participant classes ('test-equity-boundary-cases.R:8:3') - Function 'make_metrics_lookup_df' is deprecated and will be removed in the next version. Please use the essential functions instead. See ?get_essential_functions for alternatives.

179. equity functions handle single participant classes ('test-equity-boundary-cases.R:13:3') - Function 'make_metrics_lookup_df' is deprecated and will be removed in the next version. Please use the essential functions instead. See ?get_essential_functions for alternatives.

180. equity functions handle single participant classes ('test-equity-boundary-cases.R:17:3') - Function 'make_metrics_lookup_df' is deprecated and will be removed in the next version. Please use the essential functions instead. See ?get_essential_functions for alternatives.

181. equity functions handle equal participation scenarios ('test-equity-boundary-cases.R:29:3') - Function 'make_metrics_lookup_df' is deprecated and will be removed in the next version. Please use the essential functions instead. See ?get_essential_functions for alternatives.

182. equity functions handle equal participation scenarios ('test-equity-boundary-cases.R:33:3') - Function 'make_metrics_lookup_df' is deprecated and will be removed in the next version. Please use the essential functions instead. See ?get_essential_functions for alternatives.

183. equity functions handle equal participation scenarios ('test-equity-boundary-cases.R:37:3') - Function 'make_metrics_lookup_df' is deprecated and will be removed in the next version. Please use the essential functions instead. See ?get_essential_functions for alternatives.

184. equity functions handle extreme participation differences ('test-equity-boundary-cases.R:49:3') - Function 'make_metrics_lookup_df' is deprecated and will be removed in the next version. Please use the essential functions instead. See ?get_essential_functions for alternatives.

185. equity functions handle extreme participation differences ('test-equity-boundary-cases.R:57:3') - Function 'make_metrics_lookup_df' is deprecated and will be removed in the next version. Please use the essential functions instead. See ?get_essential_functions for alternatives.

186. equity functions handle extreme participation differences ('test-equity-boundary-cases.R:61:3') - Function 'make_metrics_lookup_df' is deprecated and will be removed in the next version. Please use the essential functions instead. See ?get_essential_functions for alternatives.

187. equity functions handle international names correctly ('test-equity-boundary-cases.R:69:3') - Function 'make_metrics_lookup_df' is deprecated and will be removed in the next version. Please use the essential functions instead. See ?get_essential_functions for alternatives.

188. equity functions handle international names correctly ('test-equity-boundary-cases.R:73:3') - Function 'make_metrics_lookup_df' is deprecated and will be removed in the next version. Please use the essential functions instead. See ?get_essential_functions for alternatives.

189. equity functions handle international names correctly ('test-equity-boundary-cases.R:77:3') - Function 'make_metrics_lookup_df' is deprecated and will be removed in the next version. Please use the essential functions instead. See ?get_essential_functions for alternatives.

190. equity functions handle large classes efficiently ('test-equity-boundary-cases.R:90:3') - Function 'make_metrics_lookup_df' is deprecated and will be removed in the next version. Please use the essential functions instead. See ?get_essential_functions for alternatives.

191. equity functions handle large classes efficiently ('test-equity-boundary-cases.R:97:3') - Function 'make_metrics_lookup_df' is deprecated and will be removed in the next version. Please use the essential functions instead. See ?get_essential_functions for alternatives.

192. equity functions handle large classes efficiently ('test-equity-boundary-cases.R:101:3') - Function 'make_metrics_lookup_df' is deprecated and will be removed in the next version. Please use the essential functions instead. See ?get_essential_functions for alternatives.

193. equity functions handle very small differences ('test-equity-boundary-cases.R:113:3') - Function 'make_metrics_lookup_df' is deprecated and will be removed in the next version. Please use the essential functions instead. See ?get_essential_functions for alternatives.

194. equity functions handle very small differences ('test-equity-boundary-cases.R:117:3') - Function 'make_metrics_lookup_df' is deprecated and will be removed in the next version. Please use the essential functions instead. See ?get_essential_functions for alternatives.

195. equity functions handle very small differences ('test-equity-boundary-cases.R:121:3') - Function 'make_metrics_lookup_df' is deprecated and will be removed in the next version. Please use the essential functions instead. See ?get_essential_functions for alternatives.

196. equity functions handle all zero values ('test-equity-boundary-cases.R:133:3') - Function 'make_metrics_lookup_df' is deprecated and will be removed in the next version. Please use the essential functions instead. See ?get_essential_functions for alternatives.

197. equity functions handle all zero values ('test-equity-boundary-cases.R:137:3') - Function 'make_metrics_lookup_df' is deprecated and will be removed in the next version. Please use the essential functions instead. See ?get_essential_functions for alternatives.

198. equity functions handle all zero values ('test-equity-boundary-cases.R:141:3') - Function 'make_metrics_lookup_df' is deprecated and will be removed in the next version. Please use the essential functions instead. See ?get_essential_functions for alternatives.

199. equity functions handle mixed data types ('test-equity-boundary-cases.R:153:3') - Function 'make_metrics_lookup_df' is deprecated and will be removed in the next version. Please use the essential functions instead. See ?get_essential_functions for alternatives.

200. equity functions handle mixed data types ('test-equity-boundary-cases.R:157:3') - Function 'make_metrics_lookup_df' is deprecated and will be removed in the next version. Please use the essential functions instead. See ?get_essential_functions for alternatives.

201. equity functions handle mixed data types ('test-equity-boundary-cases.R:161:3') - Function 'make_metrics_lookup_df' is deprecated and will be removed in the next version. Please use the essential functions instead. See ?get_essential_functions for alternatives.

202. equity functions handle different metrics consistently ('test-equity-boundary-cases.R:177:5') - Function 'make_metrics_lookup_df' is deprecated and will be removed in the next version. Please use the essential functions instead. See ?get_essential_functions for alternatives.

203. equity functions handle different metrics consistently ('test-equity-boundary-cases.R:181:5') - Function 'make_metrics_lookup_df' is deprecated and will be removed in the next version. Please use the essential functions instead. See ?get_essential_functions for alternatives.

204. equity functions handle different metrics consistently ('test-equity-boundary-cases.R:185:5') - Function 'make_metrics_lookup_df' is deprecated and will be removed in the next version. Please use the essential functions instead. See ?get_essential_functions for alternatives.

205. equity functions handle different metrics consistently ('test-equity-boundary-cases.R:177:5') - Function 'make_metrics_lookup_df' is deprecated and will be removed in the next version. Please use the essential functions instead. See ?get_essential_functions for alternatives.

206. equity functions handle different metrics consistently ('test-equity-boundary-cases.R:181:5') - Function 'make_metrics_lookup_df' is deprecated and will be removed in the next version. Please use the essential functions instead. See ?get_essential_functions for alternatives.

207. equity functions handle different metrics consistently ('test-equity-boundary-cases.R:185:5') - Function 'make_metrics_lookup_df' is deprecated and will be removed in the next version. Please use the essential functions instead. See ?get_essential_functions for alternatives.

208. equity functions handle different metrics consistently ('test-equity-boundary-cases.R:177:5') - Function 'make_metrics_lookup_df' is deprecated and will be removed in the next version. Please use the essential functions instead. See ?get_essential_functions for alternatives.

209. equity functions handle different metrics consistently ('test-equity-boundary-cases.R:181:5') - Function 'make_metrics_lookup_df' is deprecated and will be removed in the next version. Please use the essential functions instead. See ?get_essential_functions for alternatives.

210. equity functions handle different metrics consistently ('test-equity-boundary-cases.R:185:5') - Function 'make_metrics_lookup_df' is deprecated and will be removed in the next version. Please use the essential functions instead. See ?get_essential_functions for alternatives.

211. equity functions handle faceting correctly ('test-equity-boundary-cases.R:194:3') - Function 'make_metrics_lookup_df' is deprecated and will be removed in the next version. Please use the essential functions instead. See ?get_essential_functions for alternatives.

212. equity functions handle faceting correctly ('test-equity-boundary-cases.R:198:3') - Function 'make_metrics_lookup_df' is deprecated and will be removed in the next version. Please use the essential functions instead. See ?get_essential_functions for alternatives.

213. equity functions handle faceting correctly ('test-equity-boundary-cases.R:202:3') - Function 'make_metrics_lookup_df' is deprecated and will be removed in the next version. Please use the essential functions instead. See ?get_essential_functions for alternatives.

214. equity functions handle missing participation data gracefully ('test-equity-failure-modes.R:8:3') - Function 'make_metrics_lookup_df' is deprecated and will be removed in the next version. Please use the essential functions instead. See ?get_essential_functions for alternatives.

215. equity functions handle missing participation data gracefully ('test-equity-failure-modes.R:12:3') - Function 'make_metrics_lookup_df' is deprecated and will be removed in the next version. Please use the essential functions instead. See ?get_essential_functions for alternatives.

216. equity functions handle missing participation data gracefully ('test-equity-failure-modes.R:16:3') - Function 'make_metrics_lookup_df' is deprecated and will be removed in the next version. Please use the essential functions instead. See ?get_essential_functions for alternatives.

217. equity functions handle zero participation students ('test-equity-failure-modes.R:24:3') - Function 'make_metrics_lookup_df' is deprecated and will be removed in the next version. Please use the essential functions instead. See ?get_essential_functions for alternatives.

218. equity functions handle zero participation students ('test-equity-failure-modes.R:32:3') - Function 'make_metrics_lookup_df' is deprecated and will be removed in the next version. Please use the essential functions instead. See ?get_essential_functions for alternatives.

219. equity functions handle zero participation students ('test-equity-failure-modes.R:36:3') - Function 'make_metrics_lookup_df' is deprecated and will be removed in the next version. Please use the essential functions instead. See ?get_essential_functions for alternatives.

220. equity functions handle negative values with appropriate errors ('test-equity-failure-modes.R:47:3') - Function 'make_metrics_lookup_df' is deprecated and will be removed in the next version. Please use the essential functions instead. See ?get_essential_functions for alternatives.

221. equity functions handle negative values with appropriate errors ('test-equity-failure-modes.R:51:3') - Function 'make_metrics_lookup_df' is deprecated and will be removed in the next version. Please use the essential functions instead. See ?get_essential_functions for alternatives.

222. equity functions handle negative values with appropriate errors ('test-equity-failure-modes.R:55:3') - Function 'make_metrics_lookup_df' is deprecated and will be removed in the next version. Please use the essential functions instead. See ?get_essential_functions for alternatives.

223. equity functions handle duplicate student names ('test-equity-failure-modes.R:63:3') - Function 'make_metrics_lookup_df' is deprecated and will be removed in the next version. Please use the essential functions instead. See ?get_essential_functions for alternatives.

224. equity functions handle duplicate student names ('test-equity-failure-modes.R:67:3') - Function 'make_metrics_lookup_df' is deprecated and will be removed in the next version. Please use the essential functions instead. See ?get_essential_functions for alternatives.

225. equity functions handle duplicate student names ('test-equity-failure-modes.R:71:3') - Function 'make_metrics_lookup_df' is deprecated and will be removed in the next version. Please use the essential functions instead. See ?get_essential_functions for alternatives.

226. equity functions handle empty data frames ('test-equity-failure-modes.R:90:3') - Function 'make_metrics_lookup_df' is deprecated and will be removed in the next version. Please use the essential functions instead. See ?get_essential_functions for alternatives.

227. equity functions handle empty data frames ('test-equity-failure-modes.R:94:3') - Function 'make_metrics_lookup_df' is deprecated and will be removed in the next version. Please use the essential functions instead. See ?get_essential_functions for alternatives.

228. equity functions handle empty data frames ('test-equity-failure-modes.R:98:3') - Function 'make_metrics_lookup_df' is deprecated and will be removed in the next version. Please use the essential functions instead. See ?get_essential_functions for alternatives.

229. equity functions handle missing required columns gracefully ('test-equity-failure-modes.R:110:3') - Function 'make_metrics_lookup_df' is deprecated and will be removed in the next version. Please use the essential functions instead. See ?get_essential_functions for alternatives.

230. equity functions handle invalid faceting options ('test-equity-failure-modes.R:173:3') - Function 'make_metrics_lookup_df' is deprecated and will be removed in the next version. Please use the essential functions instead. See ?get_essential_functions for alternatives.

231. equity functions handle data type mismatches ('test-equity-failure-modes.R:185:3') - Function 'make_metrics_lookup_df' is deprecated and will be removed in the next version. Please use the essential functions instead. See ?get_essential_functions for alternatives.

232. equity functions handle data type mismatches ('test-equity-failure-modes.R:193:3') - Function 'make_metrics_lookup_df' is deprecated and will be removed in the next version. Please use the essential functions instead. See ?get_essential_functions for alternatives.

233. equity functions handle extreme data ranges ('test-equity-failure-modes.R:208:3') - Function 'make_metrics_lookup_df' is deprecated and will be removed in the next version. Please use the essential functions instead. See ?get_essential_functions for alternatives.

234. equity functions handle extreme data ranges ('test-equity-failure-modes.R:212:3') - Function 'make_metrics_lookup_df' is deprecated and will be removed in the next version. Please use the essential functions instead. See ?get_essential_functions for alternatives.

235. equity functions handle extreme data ranges ('test-equity-failure-modes.R:216:3') - Function 'make_metrics_lookup_df' is deprecated and will be removed in the next version. Please use the essential functions instead. See ?get_essential_functions for alternatives.

236. equity functions handle mixed data quality scenarios ('test-equity-failure-modes.R:228:3') - Function 'make_metrics_lookup_df' is deprecated and will be removed in the next version. Please use the essential functions instead. See ?get_essential_functions for alternatives.

237. equity functions handle mixed data quality scenarios ('test-equity-failure-modes.R:232:3') - Function 'make_metrics_lookup_df' is deprecated and will be removed in the next version. Please use the essential functions instead. See ?get_essential_functions for alternatives.

238. equity functions handle mixed data quality scenarios ('test-equity-failure-modes.R:236:3') - Function 'make_metrics_lookup_df' is deprecated and will be removed in the next version. Please use the essential functions instead. See ?get_essential_functions for alternatives.

239. equity functions support participation distribution analysis ('test-equity-validation.R:9:3') - Function 'make_metrics_lookup_df' is deprecated and will be removed in the next version. Please use the essential functions instead. See ?get_essential_functions for alternatives.

240. equity functions support participation distribution analysis ('test-equity-validation.R:13:3') - Function 'make_metrics_lookup_df' is deprecated and will be removed in the next version. Please use the essential functions instead. See ?get_essential_functions for alternatives.

241. equity functions support participation distribution analysis ('test-equity-validation.R:17:3') - Function 'make_metrics_lookup_df' is deprecated and will be removed in the next version. Please use the essential functions instead. See ?get_essential_functions for alternatives.

242. equity functions support participation distribution analysis ('test-equity-validation.R:26:3') - Function 'make_metrics_lookup_df' is deprecated and will be removed in the next version. Please use the essential functions instead. See ?get_essential_functions for alternatives.

243. equity functions support participation distribution analysis ('test-equity-validation.R:30:3') - Function 'make_metrics_lookup_df' is deprecated and will be removed in the next version. Please use the essential functions instead. See ?get_essential_functions for alternatives.

244. equity functions support section comparison analysis ('test-equity-validation.R:39:3') - Function 'make_metrics_lookup_df' is deprecated and will be removed in the next version. Please use the essential functions instead. See ?get_essential_functions for alternatives.

245. equity functions support section comparison analysis ('test-equity-validation.R:44:3') - Function 'make_metrics_lookup_df' is deprecated and will be removed in the next version. Please use the essential functions instead. See ?get_essential_functions for alternatives.

246. equity functions support section comparison analysis ('test-equity-validation.R:48:3') - Function 'make_metrics_lookup_df' is deprecated and will be removed in the next version. Please use the essential functions instead. See ?get_essential_functions for alternatives.

247. equity functions support section comparison analysis ('test-equity-validation.R:52:3') - Function 'make_metrics_lookup_df' is deprecated and will be removed in the next version. Please use the essential functions instead. See ?get_essential_functions for alternatives.

248. equity functions maintain analytical value with privacy masking ('test-equity-validation.R:64:3') - Function 'make_metrics_lookup_df' is deprecated and will be removed in the next version. Please use the essential functions instead. See ?get_essential_functions for alternatives.

249. equity functions maintain analytical value with privacy masking ('test-equity-validation.R:65:3') - Function 'make_metrics_lookup_df' is deprecated and will be removed in the next version. Please use the essential functions instead. See ?get_essential_functions for alternatives.

250. equity functions maintain analytical value with privacy masking ('test-equity-validation.R:66:3') - Function 'make_metrics_lookup_df' is deprecated and will be removed in the next version. Please use the essential functions instead. See ?get_essential_functions for alternatives.

251. equity functions support gender-balanced participation analysis ('test-equity-validation.R:88:3') - Function 'make_metrics_lookup_df' is deprecated and will be removed in the next version. Please use the essential functions instead. See ?get_essential_functions for alternatives.

252. equity functions support gender-balanced participation analysis ('test-equity-validation.R:92:3') - Function 'make_metrics_lookup_df' is deprecated and will be removed in the next version. Please use the essential functions instead. See ?get_essential_functions for alternatives.

253. equity functions support gender-balanced participation analysis ('test-equity-validation.R:96:3') - Function 'make_metrics_lookup_df' is deprecated and will be removed in the next version. Please use the essential functions instead. See ?get_essential_functions for alternatives.

254. equity functions support intervention planning through visualization ('test-equity-validation.R:109:3') - Function 'make_metrics_lookup_df' is deprecated and will be removed in the next version. Please use the essential functions instead. See ?get_essential_functions for alternatives.

255. equity functions support intervention planning through visualization ('test-equity-validation.R:117:3') - Function 'make_metrics_lookup_df' is deprecated and will be removed in the next version. Please use the essential functions instead. See ?get_essential_functions for alternatives.

256. equity functions support intervention planning through visualization ('test-equity-validation.R:126:3') - Function 'make_metrics_lookup_df' is deprecated and will be removed in the next version. Please use the essential functions instead. See ?get_essential_functions for alternatives.

257. equity functions support multiple metric analysis for comprehensive equity assessment ('test-equity-validation.R:138:5') - Function 'make_metrics_lookup_df' is deprecated and will be removed in the next version. Please use the essential functions instead. See ?get_essential_functions for alternatives.

258. equity functions support multiple metric analysis for comprehensive equity assessment ('test-equity-validation.R:142:5') - Function 'make_metrics_lookup_df' is deprecated and will be removed in the next version. Please use the essential functions instead. See ?get_essential_functions for alternatives.

259. equity functions support multiple metric analysis for comprehensive equity assessment ('test-equity-validation.R:146:5') - Function 'make_metrics_lookup_df' is deprecated and will be removed in the next version. Please use the essential functions instead. See ?get_essential_functions for alternatives.

260. equity functions support multiple metric analysis for comprehensive equity assessment ('test-equity-validation.R:138:5') - Function 'make_metrics_lookup_df' is deprecated and will be removed in the next version. Please use the essential functions instead. See ?get_essential_functions for alternatives.

261. equity functions support multiple metric analysis for comprehensive equity assessment ('test-equity-validation.R:142:5') - Function 'make_metrics_lookup_df' is deprecated and will be removed in the next version. Please use the essential functions instead. See ?get_essential_functions for alternatives.

262. equity functions support multiple metric analysis for comprehensive equity assessment ('test-equity-validation.R:146:5') - Function 'make_metrics_lookup_df' is deprecated and will be removed in the next version. Please use the essential functions instead. See ?get_essential_functions for alternatives.

263. equity functions support multiple metric analysis for comprehensive equity assessment ('test-equity-validation.R:138:5') - Function 'make_metrics_lookup_df' is deprecated and will be removed in the next version. Please use the essential functions instead. See ?get_essential_functions for alternatives.

264. equity functions support multiple metric analysis for comprehensive equity assessment ('test-equity-validation.R:142:5') - Function 'make_metrics_lookup_df' is deprecated and will be removed in the next version. Please use the essential functions instead. See ?get_essential_functions for alternatives.

265. equity functions support multiple metric analysis for comprehensive equity assessment ('test-equity-validation.R:146:5') - Function 'make_metrics_lookup_df' is deprecated and will be removed in the next version. Please use the essential functions instead. See ?get_essential_functions for alternatives.

266. equity functions support privacy-compliant equity analysis ('test-equity-validation.R:159:3') - Function 'make_metrics_lookup_df' is deprecated and will be removed in the next version. Please use the essential functions instead. See ?get_essential_functions for alternatives.

267. equity functions support privacy-compliant equity analysis ('test-equity-validation.R:160:3') - Function 'make_metrics_lookup_df' is deprecated and will be removed in the next version. Please use the essential functions instead. See ?get_essential_functions for alternatives.

268. equity functions support privacy-compliant equity analysis ('test-equity-validation.R:161:3') - Function 'make_metrics_lookup_df' is deprecated and will be removed in the next version. Please use the essential functions instead. See ?get_essential_functions for alternatives.

269. equity functions support educational equity goals through clear visualizations ('test-equity-validation.R:184:3') - Function 'make_metrics_lookup_df' is deprecated and will be removed in the next version. Please use the essential functions instead. See ?get_essential_functions for alternatives.

270. equity functions support educational equity goals through clear visualizations ('test-equity-validation.R:193:3') - Function 'make_metrics_lookup_df' is deprecated and will be removed in the next version. Please use the essential functions instead. See ?get_essential_functions for alternatives.

271. equity functions support educational equity goals through clear visualizations ('test-equity-validation.R:197:3') - Function 'make_metrics_lookup_df' is deprecated and will be removed in the next version. Please use the essential functions instead. See ?get_essential_functions for alternatives.

272. equity functions support cross-sectional equity analysis ('test-equity-validation.R:209:3') - Function 'make_metrics_lookup_df' is deprecated and will be removed in the next version. Please use the essential functions instead. See ?get_essential_functions for alternatives.

273. equity functions support cross-sectional equity analysis ('test-equity-validation.R:213:3') - Function 'make_metrics_lookup_df' is deprecated and will be removed in the next version. Please use the essential functions instead. See ?get_essential_functions for alternatives.

274. equity functions support cross-sectional equity analysis ('test-equity-validation.R:217:3') - Function 'make_metrics_lookup_df' is deprecated and will be removed in the next version. Please use the essential functions instead. See ?get_essential_functions for alternatives.

275. equity functions maintain educational value while respecting privacy ('test-equity-validation.R:229:3') - Function 'make_metrics_lookup_df' is deprecated and will be removed in the next version. Please use the essential functions instead. See ?get_essential_functions for alternatives.

276. equity functions maintain educational value while respecting privacy ('test-equity-validation.R:230:3') - Function 'make_metrics_lookup_df' is deprecated and will be removed in the next version. Please use the essential functions instead. See ?get_essential_functions for alternatives.

277. equity functions maintain educational value while respecting privacy ('test-equity-validation.R:231:3') - Function 'make_metrics_lookup_df' is deprecated and will be removed in the next version. Please use the essential functions instead. See ?get_essential_functions for alternatives.

278. validate_ethical_use works correctly ('test-ethical_compliance.R:3:3') - Function 'validate_ethical_use' is deprecated and will be removed in the next version. Please use the essential functions instead. See ?get_essential_functions for alternatives.

279. validate_ethical_use detects surveillance terms ('test-ethical_compliance.R:22:3') - Function 'validate_ethical_use' is deprecated and will be removed in the next version. Please use the essential functions instead. See ?get_essential_functions for alternatives.

280. validate_ethical_use handles different contexts ('test-ethical_compliance.R:35:3') - Function 'validate_ethical_use' is deprecated and will be removed in the next version. Please use the essential functions instead. See ?get_essential_functions for alternatives.

281. validate_ethical_use handles different contexts ('test-ethical_compliance.R:45:3') - Function 'validate_ethical_use' is deprecated and will be removed in the next version. Please use the essential functions instead. See ?get_essential_functions for alternatives.

282. validate_ethical_use handles equity-focused terms ('test-ethical_compliance.R:57:3') - Function 'validate_ethical_use' is deprecated and will be removed in the next version. Please use the essential functions instead. See ?get_essential_functions for alternatives.

283. validate_ethical_use handles multi-institution scope ('test-ethical_compliance.R:70:3') - Function 'validate_ethical_use' is deprecated and will be removed in the next version. Please use the essential functions instead. See ?get_essential_functions for alternatives.

284. create_ethical_use_report works correctly ('test-ethical_compliance.R:82:3') - Function 'create_ethical_use_report' is deprecated and will be removed in the next version. Please use the essential functions instead. See ?get_essential_functions for alternatives.

285. create_ethical_use_report works correctly ('test-ethical_compliance.R:82:3') - Function 'validate_ethical_use' is deprecated and will be removed in the next version. Please use the essential functions instead. See ?get_essential_functions for alternatives.

286. create_ethical_use_report includes validation results ('test-ethical_compliance.R:101:3') - Function 'create_ethical_use_report' is deprecated and will be removed in the next version. Please use the essential functions instead. See ?get_essential_functions for alternatives.

287. create_ethical_use_report includes validation results ('test-ethical_compliance.R:101:3') - Function 'validate_ethical_use' is deprecated and will be removed in the next version. Please use the essential functions instead. See ?get_essential_functions for alternatives.

288. create_ethical_use_report handles different contexts ('test-ethical_compliance.R:113:3') - Function 'create_ethical_use_report' is deprecated and will be removed in the next version. Please use the essential functions instead. See ?get_essential_functions for alternatives.

289. create_ethical_use_report handles different contexts ('test-ethical_compliance.R:113:3') - Function 'validate_ethical_use' is deprecated and will be removed in the next version. Please use the essential functions instead. See ?get_essential_functions for alternatives.

290. validate_ethical_use handles edge cases ('test-ethical_compliance.R:182:3') - Function 'validate_ethical_use' is deprecated and will be removed in the next version. Please use the essential functions instead. See ?get_essential_functions for alternatives.

291. validate_ethical_use handles edge cases ('test-ethical_compliance.R:192:3') - Function 'validate_ethical_use' is deprecated and will be removed in the next version. Please use the essential functions instead. See ?get_essential_functions for alternatives.

292. create_ethical_use_report handles edge cases ('test-ethical_compliance.R:204:3') - Function 'create_ethical_use_report' is deprecated and will be removed in the next version. Please use the essential functions instead. See ?get_essential_functions for alternatives.

293. create_ethical_use_report handles edge cases ('test-ethical_compliance.R:204:3') - Function 'validate_ethical_use' is deprecated and will be removed in the next version. Please use the essential functions instead. See ?get_essential_functions for alternatives.

294. create_ethical_use_report handles edge cases ('test-ethical_compliance.R:213:3') - Function 'create_ethical_use_report' is deprecated and will be removed in the next version. Please use the essential functions instead. See ?get_essential_functions for alternatives.

295. create_ethical_use_report handles edge cases ('test-ethical_compliance.R:213:3') - Function 'validate_ethical_use' is deprecated and will be removed in the next version. Please use the essential functions instead. See ?get_essential_functions for alternatives.

296. ethical compliance functions maintain privacy ('test-ethical_compliance.R:252:3') - Function 'validate_ethical_use' is deprecated and will be removed in the next version. Please use the essential functions instead. See ?get_essential_functions for alternatives.

297. ethical compliance functions provide helpful guidance ('test-ethical_compliance.R:276:3') - Function 'validate_ethical_use' is deprecated and will be removed in the next version. Please use the essential functions instead. See ?get_essential_functions for alternatives.

298. validate_ferpa_compliance detects PII and retention issues across institution types ('test-ferpa_compliance-issue310.R:10:3') - Function 'log_ferpa_compliance_check' is deprecated and will be removed in the next version. Please use the essential functions instead. See ?get_essential_functions for alternatives.

299. validate_ferpa_compliance detects PII and retention issues across institution types ('test-ferpa_compliance-issue310.R:17:3') - Function 'log_ferpa_compliance_check' is deprecated and will be removed in the next version. Please use the essential functions instead. See ?get_essential_functions for alternatives.

300. validate_ferpa_compliance detects PII and retention issues across institution types ('test-ferpa_compliance-issue310.R:22:3') - Function 'log_ferpa_compliance_check' is deprecated and will be removed in the next version. Please use the essential functions instead. See ?get_essential_functions for alternatives.

301. generate_ferpa_report produces JSON, HTML, and text reports ('test-ferpa_compliance-issue310.R:58:3') - Function 'log_ferpa_compliance_check' is deprecated and will be removed in the next version. Please use the essential functions instead. See ?get_essential_functions for alternatives.

302. generate_ferpa_report produces JSON, HTML, and text reports ('test-ferpa_compliance-issue310.R:59:3') - Function 'log_ferpa_compliance_check' is deprecated and will be removed in the next version. Please use the essential functions instead. See ?get_essential_functions for alternatives.

303. generate_ferpa_report produces JSON, HTML, and text reports ('test-ferpa_compliance-issue310.R:60:3') - Function 'log_ferpa_compliance_check' is deprecated and will be removed in the next version. Please use the essential functions instead. See ?get_essential_functions for alternatives.

304. validate_ferpa_compliance works correctly ('test-ferpa_compliance.R:11:3') - Function 'log_ferpa_compliance_check' is deprecated and will be removed in the next version. Please use the essential functions instead. See ?get_essential_functions for alternatives.

305. validate_ferpa_compliance works correctly ('test-ferpa_compliance.R:32:3') - Function 'log_ferpa_compliance_check' is deprecated and will be removed in the next version. Please use the essential functions instead. See ?get_essential_functions for alternatives.

306. validate_ferpa_compliance works correctly ('test-ferpa_compliance.R:37:3') - Function 'log_ferpa_compliance_check' is deprecated and will be removed in the next version. Please use the essential functions instead. See ?get_essential_functions for alternatives.

307. validate_ferpa_compliance works correctly ('test-ferpa_compliance.R:41:3') - Function 'log_ferpa_compliance_check' is deprecated and will be removed in the next version. Please use the essential functions instead. See ?get_essential_functions for alternatives.

308. generate_ferpa_report works correctly ('test-ferpa_compliance.R:93:3') - Function 'log_ferpa_compliance_check' is deprecated and will be removed in the next version. Please use the essential functions instead. See ?get_essential_functions for alternatives.

309. generate_ferpa_report works correctly ('test-ferpa_compliance.R:107:3') - Function 'log_ferpa_compliance_check' is deprecated and will be removed in the next version. Please use the essential functions instead. See ?get_essential_functions for alternatives.

310. generate_ferpa_report works correctly ('test-ferpa_compliance.R:113:3') - Function 'log_ferpa_compliance_check' is deprecated and will be removed in the next version. Please use the essential functions instead. See ?get_essential_functions for alternatives.

311. generate_ferpa_report works correctly ('test-ferpa_compliance.R:118:3') - Function 'log_ferpa_compliance_check' is deprecated and will be removed in the next version. Please use the essential functions instead. See ?get_essential_functions for alternatives.

312. FERPA compliance functions handle edge cases ('test-ferpa_compliance.R:244:3') - Function 'log_ferpa_compliance_check' is deprecated and will be removed in the next version. Please use the essential functions instead. See ?get_essential_functions for alternatives.

313. CSV export functions are deprecated and return appropriate structure ('test-ideal-export.R:22:5') - Function 'add_export_metadata' is deprecated and will be removed in the next version. Please use the essential functions instead. See ?get_essential_functions for alternatives.

314. JSON export functions are deprecated and return appropriate structure ('test-ideal-export.R:42:5') - Function 'generate_export_metadata' is deprecated and will be removed in the next version. Please use the essential functions instead. See ?get_essential_functions for alternatives.

315. Export functions maintain data integrity ('test-ideal-export.R:157:5') - Function 'add_export_metadata' is deprecated and will be removed in the next version. Please use the essential functions instead. See ?get_essential_functions for alternatives.

316. Export functions provide proper file handling ('test-ideal-export.R:177:5') - Function 'add_export_metadata' is deprecated and will be removed in the next version. Please use the essential functions instead. See ?get_essential_functions for alternatives.

317. Export functions work with different data types ('test-ideal-export.R:197:5') - Function 'add_export_metadata' is deprecated and will be removed in the next version. Please use the essential functions instead. See ?get_essential_functions for alternatives.

318. Export functions work with different data types ('test-ideal-export.R:205:5') - Function 'add_export_metadata' is deprecated and will be removed in the next version. Please use the essential functions instead. See ?get_essential_functions for alternatives.

319. Export functions follow package conventions ('test-ideal-export.R:226:5') - Function 'add_export_metadata' is deprecated and will be removed in the next version. Please use the essential functions instead. See ?get_essential_functions for alternatives.

320. content quality validation is deprecated and returns appropriate structure ('test-ideal-validation.R:55:5') - Function 'validate_ideal_content_quality' is deprecated and will be removed in the next version. Please use the essential functions instead. See ?get_essential_functions for alternatives.

321. content quality validation is deprecated and returns appropriate structure ('test-ideal-validation.R:55:5') - Function 'calculate_content_quality_metrics' is deprecated and will be removed in the next version. Please use the essential functions instead. See ?get_essential_functions for alternatives.

322. content quality validation is deprecated and returns appropriate structure ('test-ideal-validation.R:55:5') - Function 'validate_dialogue_length' is deprecated and will be removed in the next version. Please use the essential functions instead. See ?get_essential_functions for alternatives.

323. content quality validation is deprecated and returns appropriate structure ('test-ideal-validation.R:55:5') - Function 'validate_speaker_consistency' is deprecated and will be removed in the next version. Please use the essential functions instead. See ?get_essential_functions for alternatives.

324. content quality validation is deprecated and returns appropriate structure ('test-ideal-validation.R:55:5') - Function 'validate_content_diversity' is deprecated and will be removed in the next version. Please use the essential functions instead. See ?get_essential_functions for alternatives.

325. content quality validation is deprecated and returns appropriate structure ('test-ideal-validation.R:55:5') - Function 'validate_realistic_patterns' is deprecated and will be removed in the next version. Please use the essential functions instead. See ?get_essential_functions for alternatives.

326. content quality validation is deprecated and returns appropriate structure ('test-ideal-validation.R:55:5') - Function 'calculate_overall_quality_score' is deprecated and will be removed in the next version. Please use the essential functions instead. See ?get_essential_functions for alternatives.

327. content quality validation is deprecated and returns appropriate structure ('test-ideal-validation.R:55:5') - Function 'determine_validation_status' is deprecated and will be removed in the next version. Please use the essential functions instead. See ?get_essential_functions for alternatives.

328. content quality validation is deprecated and returns appropriate structure ('test-ideal-validation.R:55:5') - Function 'generate_content_recommendations' is deprecated and will be removed in the next version. Please use the essential functions instead. See ?get_essential_functions for alternatives.

329. name coverage validation is deprecated and returns appropriate structure ('test-ideal-validation.R:84:5') - Function 'validate_ideal_name_coverage' is deprecated and will be removed in the next version. Please use the essential functions instead. See ?get_essential_functions for alternatives.

330. name coverage validation is deprecated and returns appropriate structure ('test-ideal-validation.R:84:5') - Function 'validate_ideal_name_coverage' is deprecated and will be removed in the next version. Please use the essential functions instead. See ?get_essential_functions for alternatives.

331. name coverage validation is deprecated and returns appropriate structure ('test-ideal-validation.R:84:5') - Function 'analyze_name_coverage' is deprecated and will be removed in the next version. Please use the essential functions instead. See ?get_essential_functions for alternatives.

332. name coverage validation is deprecated and returns appropriate structure ('test-ideal-validation.R:84:5') - Function 'validate_name_variations' is deprecated and will be removed in the next version. Please use the essential functions instead. See ?get_essential_functions for alternatives.

333. name coverage validation is deprecated and returns appropriate structure ('test-ideal-validation.R:84:5') - Function 'validate_name_edge_cases' is deprecated and will be removed in the next version. Please use the essential functions instead. See ?get_essential_functions for alternatives.

334. name coverage validation is deprecated and returns appropriate structure ('test-ideal-validation.R:84:5') - Function 'validate_scenario_completeness' is deprecated and will be removed in the next version. Please use the essential functions instead. See ?get_essential_functions for alternatives.

335. name coverage validation is deprecated and returns appropriate structure ('test-ideal-validation.R:84:5') - Function 'determine_validation_status' is deprecated and will be removed in the next version. Please use the essential functions instead. See ?get_essential_functions for alternatives.

336. name coverage validation is deprecated and returns appropriate structure ('test-ideal-validation.R:84:5') - Function 'generate_name_coverage_recommendations' is deprecated and will be removed in the next version. Please use the essential functions instead. See ?get_essential_functions for alternatives.

337. create_session_mapping is deprecated and provides appropriate coverage ('test-issue-310-verbose-coverage.R:73:3') - Function 'create_course_info' is deprecated and will be removed in the next version. Please use the essential functions instead. See ?get_essential_functions for alternatives.

338. load_cancelled_classes returns blank tibble if file does not exist ('test-load_cancelled_classes.R:24:3') - File does not exist: /var/folders/gm/wnk5gljx6yd_ffmqb8vf48qh0000gn/T//RtmpDuNFpF/nonexistent.csv

339. load_cancelled_classes creates blank file when write_blank_cancelled_classes is TRUE ('test-load_cancelled_classes.R:59:3') - File does not exist: /var/folders/gm/wnk5gljx6yd_ffmqb8vf48qh0000gn/T//RtmpDuNFpF/new_cancelled_classes.csv

340. load_session_mapping validates required columns ('test-load_session_mapping.R:51:3') - The following named parsers don't match the column names: course, section, session_date, session_time, instructor

341. load_session_mapping shows validation warnings outside test environment ('test-load_session_mapping.R:256:7') - One or more parsing issues, call `problems()` on your data frame for details, e.g.:
  dat <- vroom(...)
  problems(dat)

342. merge_lookup_preserve is deprecated and returns appropriate structure ('test-lookup-merge-utils.R:24:5') - Function 'merge_lookup_preserve' is deprecated and will be removed in the next version. Please use the essential functions instead. See ?get_essential_functions for alternatives.

343. merge_lookup_preserve handles different data types ('test-lookup-merge-utils.R:36:5') - Function 'merge_lookup_preserve' is deprecated and will be removed in the next version. Please use the essential functions instead. See ?get_essential_functions for alternatives.

344. merge_lookup_preserve handles different data types ('test-lookup-merge-utils.R:43:5') - Function 'merge_lookup_preserve' is deprecated and will be removed in the next version. Please use the essential functions instead. See ?get_essential_functions for alternatives.

345. merge_lookup_preserve handles errors gracefully ('test-lookup-merge-utils.R:56:5') - Function 'merge_lookup_preserve' is deprecated and will be removed in the next version. Please use the essential functions instead. See ?get_essential_functions for alternatives.

346. merge_lookup_preserve maintains data integrity ('test-lookup-merge-utils.R:68:5') - Function 'merge_lookup_preserve' is deprecated and will be removed in the next version. Please use the essential functions instead. See ?get_essential_functions for alternatives.

347. ensure_instructor_rows is deprecated and returns appropriate structure ('test-lookup-merge-utils.R:80:5') - Function 'ensure_instructor_rows' is deprecated and will be removed in the next version. Please use the essential functions instead. See ?get_essential_functions for alternatives.

348. ensure_instructor_rows is deprecated and returns appropriate structure ('test-lookup-merge-utils.R:80:5') - Function 'merge_lookup_preserve' is deprecated and will be removed in the next version. Please use the essential functions instead. See ?get_essential_functions for alternatives.

349. ensure_instructor_rows handles different data types ('test-lookup-merge-utils.R:92:5') - Function 'ensure_instructor_rows' is deprecated and will be removed in the next version. Please use the essential functions instead. See ?get_essential_functions for alternatives.

350. ensure_instructor_rows handles different data types ('test-lookup-merge-utils.R:92:5') - Function 'merge_lookup_preserve' is deprecated and will be removed in the next version. Please use the essential functions instead. See ?get_essential_functions for alternatives.

351. ensure_instructor_rows handles different data types ('test-lookup-merge-utils.R:99:5') - Function 'ensure_instructor_rows' is deprecated and will be removed in the next version. Please use the essential functions instead. See ?get_essential_functions for alternatives.

352. ensure_instructor_rows handles errors gracefully ('test-lookup-merge-utils.R:112:5') - Function 'ensure_instructor_rows' is deprecated and will be removed in the next version. Please use the essential functions instead. See ?get_essential_functions for alternatives.

353. ensure_instructor_rows maintains data integrity ('test-lookup-merge-utils.R:124:5') - Function 'ensure_instructor_rows' is deprecated and will be removed in the next version. Please use the essential functions instead. See ?get_essential_functions for alternatives.

354. ensure_instructor_rows maintains data integrity ('test-lookup-merge-utils.R:124:5') - Function 'merge_lookup_preserve' is deprecated and will be removed in the next version. Please use the essential functions instead. See ?get_essential_functions for alternatives.

355. lookup merge functions work with different scenarios ('test-lookup-merge-utils.R:143:7') - Function 'merge_lookup_preserve' is deprecated and will be removed in the next version. Please use the essential functions instead. See ?get_essential_functions for alternatives.

356. lookup merge functions work with different scenarios ('test-lookup-merge-utils.R:149:7') - Function 'ensure_instructor_rows' is deprecated and will be removed in the next version. Please use the essential functions instead. See ?get_essential_functions for alternatives.

357. lookup merge functions work with different scenarios ('test-lookup-merge-utils.R:149:7') - Function 'merge_lookup_preserve' is deprecated and will be removed in the next version. Please use the essential functions instead. See ?get_essential_functions for alternatives.

358. lookup merge functions work with different scenarios ('test-lookup-merge-utils.R:143:7') - Function 'merge_lookup_preserve' is deprecated and will be removed in the next version. Please use the essential functions instead. See ?get_essential_functions for alternatives.

359. lookup merge functions work with different scenarios ('test-lookup-merge-utils.R:149:7') - Function 'ensure_instructor_rows' is deprecated and will be removed in the next version. Please use the essential functions instead. See ?get_essential_functions for alternatives.

360. lookup merge functions work with different scenarios ('test-lookup-merge-utils.R:149:7') - Function 'merge_lookup_preserve' is deprecated and will be removed in the next version. Please use the essential functions instead. See ?get_essential_functions for alternatives.

361. lookup merge functions work with different scenarios ('test-lookup-merge-utils.R:143:7') - Function 'merge_lookup_preserve' is deprecated and will be removed in the next version. Please use the essential functions instead. See ?get_essential_functions for alternatives.

362. lookup merge functions work with different scenarios ('test-lookup-merge-utils.R:149:7') - Function 'ensure_instructor_rows' is deprecated and will be removed in the next version. Please use the essential functions instead. See ?get_essential_functions for alternatives.

363. lookup merge functions work with different scenarios ('test-lookup-merge-utils.R:149:7') - Function 'merge_lookup_preserve' is deprecated and will be removed in the next version. Please use the essential functions instead. See ?get_essential_functions for alternatives.

364. lookup merge functions follow package conventions ('test-lookup-merge-utils.R:163:5') - Function 'merge_lookup_preserve' is deprecated and will be removed in the next version. Please use the essential functions instead. See ?get_essential_functions for alternatives.

365. lookup merge functions follow package conventions ('test-lookup-merge-utils.R:169:5') - Function 'ensure_instructor_rows' is deprecated and will be removed in the next version. Please use the essential functions instead. See ?get_essential_functions for alternatives.

366. lookup merge functions follow package conventions ('test-lookup-merge-utils.R:169:5') - Function 'merge_lookup_preserve' is deprecated and will be removed in the next version. Please use the essential functions instead. See ?get_essential_functions for alternatives.

367. make_clean_names_df correctly matches names ('test-make_clean_names_df.R:8:3') - Function 'make_clean_names_df' is deprecated and will be removed in the next version. Please use the essential functions instead. See ?get_essential_functions for alternatives.

368. make_clean_names_df correctly matches names ('test-make_clean_names_df.R:8:3') - Function 'apply_privacy_aware_matching' is deprecated and will be removed in the next version. Please use the essential functions instead. See ?get_essential_functions for alternatives.

369. make_clean_names_df handles unmatched names ('test-make_clean_names_df.R:27:3') - Function 'make_clean_names_df' is deprecated and will be removed in the next version. Please use the essential functions instead. See ?get_essential_functions for alternatives.

370. make_clean_names_df handles unmatched names ('test-make_clean_names_df.R:27:3') - Function 'apply_privacy_aware_matching' is deprecated and will be removed in the next version. Please use the essential functions instead. See ?get_essential_functions for alternatives.

371. make_clean_names_df handles empty input ('test-make_clean_names_df.R:45:3') - Function 'make_clean_names_df' is deprecated and will be removed in the next version. Please use the essential functions instead. See ?get_essential_functions for alternatives.

372. make_clean_names_df handles empty input ('test-make_clean_names_df.R:45:3') - Function 'apply_privacy_aware_matching' is deprecated and will be removed in the next version. Please use the essential functions instead. See ?get_essential_functions for alternatives.

373. make_clean_names_df preserves section information ('test-make_clean_names_df.R:77:3') - Function 'make_clean_names_df' is deprecated and will be removed in the next version. Please use the essential functions instead. See ?get_essential_functions for alternatives.

374. make_clean_names_df preserves section information ('test-make_clean_names_df.R:77:3') - Function 'apply_privacy_aware_matching' is deprecated and will be removed in the next version. Please use the essential functions instead. See ?get_essential_functions for alternatives.

375. make_clean_names_df handles input validation errors ('test-make_clean_names_df.R:94:3') - Function 'make_clean_names_df' is deprecated and will be removed in the next version. Please use the essential functions instead. See ?get_essential_functions for alternatives.

376. make_clean_names_df handles input validation errors ('test-make_clean_names_df.R:102:3') - Function 'make_clean_names_df' is deprecated and will be removed in the next version. Please use the essential functions instead. See ?get_essential_functions for alternatives.

377. make_clean_names_df handles input validation errors ('test-make_clean_names_df.R:111:3') - Function 'make_clean_names_df' is deprecated and will be removed in the next version. Please use the essential functions instead. See ?get_essential_functions for alternatives.

378. make_clean_names_df handles input validation errors ('test-make_clean_names_df.R:120:3') - Function 'make_clean_names_df' is deprecated and will be removed in the next version. Please use the essential functions instead. See ?get_essential_functions for alternatives.

379. make_clean_names_df handles input validation errors ('test-make_clean_names_df.R:130:3') - Function 'make_clean_names_df' is deprecated and will be removed in the next version. Please use the essential functions instead. See ?get_essential_functions for alternatives.

380. make_clean_names_df handles input validation errors ('test-make_clean_names_df.R:139:3') - Function 'make_clean_names_df' is deprecated and will be removed in the next version. Please use the essential functions instead. See ?get_essential_functions for alternatives.

381. make_clean_names_df handles empty lookup table ('test-make_clean_names_df.R:159:3') - Function 'make_clean_names_df' is deprecated and will be removed in the next version. Please use the essential functions instead. See ?get_essential_functions for alternatives.

382. make_clean_names_df handles empty lookup table ('test-make_clean_names_df.R:159:3') - Function 'apply_privacy_aware_matching' is deprecated and will be removed in the next version. Please use the essential functions instead. See ?get_essential_functions for alternatives.

383. make_clean_names_df handles missing columns gracefully ('test-make_clean_names_df.R:183:3') - Function 'make_clean_names_df' is deprecated and will be removed in the next version. Please use the essential functions instead. See ?get_essential_functions for alternatives.

384. make_clean_names_df handles missing columns gracefully ('test-make_clean_names_df.R:183:3') - Function 'apply_privacy_aware_matching' is deprecated and will be removed in the next version. Please use the essential functions instead. See ?get_essential_functions for alternatives.

385. make_clean_names_df handles missing columns gracefully ('test-make_clean_names_df.R:195:3') - Function 'make_clean_names_df' is deprecated and will be removed in the next version. Please use the essential functions instead. See ?get_essential_functions for alternatives.

386. make_clean_names_df handles missing columns gracefully ('test-make_clean_names_df.R:195:3') - Function 'apply_privacy_aware_matching' is deprecated and will be removed in the next version. Please use the essential functions instead. See ?get_essential_functions for alternatives.

387. make_clean_names_df handles student_id column issues ('test-make_clean_names_df.R:208:3') - Function 'make_clean_names_df' is deprecated and will be removed in the next version. Please use the essential functions instead. See ?get_essential_functions for alternatives.

388. make_clean_names_df handles student_id column issues ('test-make_clean_names_df.R:208:3') - Function 'apply_privacy_aware_matching' is deprecated and will be removed in the next version. Please use the essential functions instead. See ?get_essential_functions for alternatives.

389. make_clean_names_df handles missing name column ('test-make_clean_names_df.R:224:3') - Function 'make_clean_names_df' is deprecated and will be removed in the next version. Please use the essential functions instead. See ?get_essential_functions for alternatives.

390. make_clean_names_df handles missing name column ('test-make_clean_names_df.R:224:3') - Function 'apply_privacy_aware_matching' is deprecated and will be removed in the next version. Please use the essential functions instead. See ?get_essential_functions for alternatives.

391. make_metrics_lookup_df returns correct structure and content ('test-make_metrics_lookup_df.R:2:3') - Function 'make_metrics_lookup_df' is deprecated and will be removed in the next version. Please use the essential functions instead. See ?get_essential_functions for alternatives.

392. make_metrics_lookup_df returns same result on repeated calls ('test-make_metrics_lookup_df.R:12:3') - Function 'make_metrics_lookup_df' is deprecated and will be removed in the next version. Please use the essential functions instead. See ?get_essential_functions for alternatives.

393. make_metrics_lookup_df returns same result on repeated calls ('test-make_metrics_lookup_df.R:13:3') - Function 'make_metrics_lookup_df' is deprecated and will be removed in the next version. Please use the essential functions instead. See ?get_essential_functions for alternatives.

394. make_sections_df creates correct structure ('test-make_sections_df.R:8:3') - Function 'make_sections_df' is deprecated and will be removed in the next version. Please use the essential functions instead. See ?get_essential_functions for alternatives.

395. make_sections_df handles empty input ('test-make_sections_df.R:24:3') - Function 'make_sections_df' is deprecated and will be removed in the next version. Please use the essential functions instead. See ?get_essential_functions for alternatives.

396. make_sections_df handles missing columns ('test-make_sections_df.R:36:3') - Function 'make_sections_df' is deprecated and will be removed in the next version. Please use the essential functions instead. See ?get_essential_functions for alternatives.

397. make_sections_df preserves column types ('test-make_sections_df.R:46:3') - Function 'make_sections_df' is deprecated and will be removed in the next version. Please use the essential functions instead. See ?get_essential_functions for alternatives.

398. make_sections_df validates input type ('test-make_sections_df.R:63:3') - Function 'make_sections_df' is deprecated and will be removed in the next version. Please use the essential functions instead. See ?get_essential_functions for alternatives.

399. make_sections_df validates input type ('test-make_sections_df.R:76:3') - Function 'make_sections_df' is deprecated and will be removed in the next version. Please use the essential functions instead. See ?get_essential_functions for alternatives.

400. make_semester_df returns correct structure and defaults ('test-make_semester_df.R:2:3') - Function 'make_semester_df' is deprecated and will be removed in the next version. Please use the essential functions instead. See ?get_essential_functions for alternatives.

401. make_semester_df handles custom arguments ('test-make_semester_df.R:12:3') - Function 'make_semester_df' is deprecated and will be removed in the next version. Please use the essential functions instead. See ?get_essential_functions for alternatives.

402. make_semester_df handles edge cases (zero or one unit) ('test-make_semester_df.R:19:3') - Function 'make_semester_df' is deprecated and will be removed in the next version. Please use the essential functions instead. See ?get_essential_functions for alternatives.

403. make_semester_df handles edge cases (zero or one unit) ('test-make_semester_df.R:21:3') - Function 'make_semester_df' is deprecated and will be removed in the next version. Please use the essential functions instead. See ?get_essential_functions for alternatives.

404. make_transcripts_summary_df handles missing columns gracefully ('test-make_transcripts_summary_df.R:247:3') - Unknown or uninitialised column: `duration`.

405. make_transcripts_summary_df handles missing columns gracefully ('test-make_transcripts_summary_df.R:247:3') - Unknown or uninitialised column: `wordcount`.

406. make_transcripts_summary_df handles missing columns gracefully ('test-make_transcripts_summary_df.R:247:3') - Unknown or uninitialised column: `duration`.

407. make_transcripts_summary_df handles missing columns gracefully ('test-make_transcripts_summary_df.R:247:3') - Unknown or uninitialised column: `duration`.

408. make_transcripts_summary_df handles missing columns gracefully ('test-make_transcripts_summary_df.R:247:3') - Unknown or uninitialised column: `wordcount`.

409. make_clean_names_df handles basic cases ('test-name-matching.R:7:3') - Function 'make_clean_names_df' is deprecated and will be removed in the next version. Please use the essential functions instead. See ?get_essential_functions for alternatives.

410. make_clean_names_df handles basic cases ('test-name-matching.R:7:3') - Function 'apply_privacy_aware_matching' is deprecated and will be removed in the next version. Please use the essential functions instead. See ?get_essential_functions for alternatives.

411. make_clean_names_df handles special characters ('test-name-matching.R:36:3') - Function 'make_clean_names_df' is deprecated and will be removed in the next version. Please use the essential functions instead. See ?get_essential_functions for alternatives.

412. make_clean_names_df handles special characters ('test-name-matching.R:36:3') - Function 'apply_privacy_aware_matching' is deprecated and will be removed in the next version. Please use the essential functions instead. See ?get_essential_functions for alternatives.

413. make_clean_names_df handles missing values ('test-name-matching.R:115:3') - Function 'make_clean_names_df' is deprecated and will be removed in the next version. Please use the essential functions instead. See ?get_essential_functions for alternatives.

414. make_clean_names_df handles missing values ('test-name-matching.R:115:3') - Function 'apply_privacy_aware_matching' is deprecated and will be removed in the next version. Please use the essential functions instead. See ?get_essential_functions for alternatives.

415. make_clean_names_df ensures character type inference ('test-name-matching.R:196:3') - Function 'make_clean_names_df' is deprecated and will be removed in the next version. Please use the essential functions instead. See ?get_essential_functions for alternatives.

416. make_clean_names_df ensures character type inference ('test-name-matching.R:196:3') - Function 'apply_privacy_aware_matching' is deprecated and will be removed in the next version. Please use the essential functions instead. See ?get_essential_functions for alternatives.

417. calculate_content_similarity returns 1 for identical simple inputs ('test-onload-defaults.R:102:3') - Function 'calculate_content_similarity' is deprecated and will be removed in the next version. Please use the essential functions instead. See ?get_essential_functions for alternatives.

418. read-only gating is honored by helper ('test-participant-classification.R:80:3') - Function 'conditionally_write_lookup' is deprecated and will be removed in the next version. Please use the essential functions instead. See ?get_essential_functions for alternatives.

419. plot_users produces a ggplot with default masking and no facet ('test-plot_users.R:8:3') - Function 'add_dead_air_rows' is deprecated and will be removed in the next version. Please use the essential functions instead. See ?get_essential_functions for alternatives.

420. plot_users produces a ggplot with default masking and no facet ('test-plot_users.R:9:3') - Function 'make_metrics_lookup_df' is deprecated and will be removed in the next version. Please use the essential functions instead. See ?get_essential_functions for alternatives.

421. plot_users can facet by section and mask by rank ('test-plot_users.R:20:3') - Function 'add_dead_air_rows' is deprecated and will be removed in the next version. Please use the essential functions instead. See ?get_essential_functions for alternatives.

422. plot_users can facet by section and mask by rank ('test-plot_users.R:21:3') - Function 'make_metrics_lookup_df' is deprecated and will be removed in the next version. Please use the essential functions instead. See ?get_essential_functions for alternatives.

423. plot_users_by_metric creates valid ggplot object with correct properties ('test-plotting_functions.R:3:3') - Function 'make_clean_names_df' is deprecated and will be removed in the next version. Please use the essential functions instead. See ?get_essential_functions for alternatives.

424. plot_users_by_metric creates valid ggplot object with correct properties ('test-plotting_functions.R:3:3') - Function 'apply_privacy_aware_matching' is deprecated and will be removed in the next version. Please use the essential functions instead. See ?get_essential_functions for alternatives.

425. plot_users_masked_section_by_metric masks names correctly and creates valid plot ('test-plotting_functions.R:39:3') - Function 'make_clean_names_df' is deprecated and will be removed in the next version. Please use the essential functions instead. See ?get_essential_functions for alternatives.

426. plot_users_masked_section_by_metric masks names correctly and creates valid plot ('test-plotting_functions.R:39:3') - Function 'apply_privacy_aware_matching' is deprecated and will be removed in the next version. Please use the essential functions instead. See ?get_essential_functions for alternatives.

427. plotting functions handle empty data gracefully ('test-plotting_functions.R:74:3') - Function 'make_clean_names_df' is deprecated and will be removed in the next version. Please use the essential functions instead. See ?get_essential_functions for alternatives.

428. plotting functions handle empty data gracefully ('test-plotting_functions.R:74:3') - Function 'apply_privacy_aware_matching' is deprecated and will be removed in the next version. Please use the essential functions instead. See ?get_essential_functions for alternatives.

429. plotting functions handle different metrics correctly ('test-plotting_functions.R:103:3') - Function 'make_clean_names_df' is deprecated and will be removed in the next version. Please use the essential functions instead. See ?get_essential_functions for alternatives.

430. plotting functions handle different metrics correctly ('test-plotting_functions.R:103:3') - Function 'apply_privacy_aware_matching' is deprecated and will be removed in the next version. Please use the essential functions instead. See ?get_essential_functions for alternatives.

431. plotting functions handle invalid metrics gracefully ('test-plotting_functions.R:135:3') - Function 'make_clean_names_df' is deprecated and will be removed in the next version. Please use the essential functions instead. See ?get_essential_functions for alternatives.

432. plotting functions handle invalid metrics gracefully ('test-plotting_functions.R:135:3') - Function 'apply_privacy_aware_matching' is deprecated and will be removed in the next version. Please use the essential functions instead. See ?get_essential_functions for alternatives.

433. set_privacy_defaults none disables masking with warning ('test-privacy-defaults.R:21:3') - CRITICAL: Privacy disabled; outputs may contain identifiable data and violate FERPA requirements.

434. writers and plots apply privacy by default ('test-privacy-defaults.R:39:3') - Function 'plot_users_by_metric' is deprecated and will be removed in the next version. Please use the essential functions instead. See ?get_essential_functions for alternatives.

435. writers and plots apply privacy by default ('test-privacy-defaults.R:39:3') - Function 'make_metrics_lookup_df' is deprecated and will be removed in the next version. Please use the essential functions instead. See ?get_essential_functions for alternatives.

436. plot data has masked names ('test-privacy-defaults.R:59:3') - Function 'plot_users_by_metric' is deprecated and will be removed in the next version. Please use the essential functions instead. See ?get_essential_functions for alternatives.

437. plot data has masked names ('test-privacy-defaults.R:59:3') - Function 'make_metrics_lookup_df' is deprecated and will be removed in the next version. Please use the essential functions instead. See ?get_essential_functions for alternatives.

438. process_zoom_transcript adds dead air correctly ('test-process_zoom_transcript.R:63:3') - Function 'add_dead_air_rows' is deprecated and will be removed in the next version. Please use the essential functions instead. See ?get_essential_functions for alternatives.

439. prompt_name_matching validates inputs correctly ('test-prompt_name_matching.R:72:3') - Function 'prompt_name_matching' is deprecated and will be removed in the next version. Please use the essential functions instead. See ?get_essential_functions for alternatives.

440. prompt_name_matching validates inputs correctly ('test-prompt_name_matching.R:78:3') - Function 'prompt_name_matching' is deprecated and will be removed in the next version. Please use the essential functions instead. See ?get_essential_functions for alternatives.

441. prompt_name_matching validates inputs correctly ('test-prompt_name_matching.R:84:3') - Function 'prompt_name_matching' is deprecated and will be removed in the next version. Please use the essential functions instead. See ?get_essential_functions for alternatives.

442. prompt_name_matching validates inputs correctly ('test-prompt_name_matching.R:90:3') - Function 'prompt_name_matching' is deprecated and will be removed in the next version. Please use the essential functions instead. See ?get_essential_functions for alternatives.

443. prompt_name_matching validates inputs correctly ('test-prompt_name_matching.R:96:3') - Function 'prompt_name_matching' is deprecated and will be removed in the next version. Please use the essential functions instead. See ?get_essential_functions for alternatives.

444. detect_unmatched_names works correctly ('test-prompt_name_matching.R:137:3') - Function 'extract_transcript_names' is deprecated and will be removed in the next version. Please use the essential functions instead. See ?get_essential_functions for alternatives.

445. detect_unmatched_names works correctly ('test-prompt_name_matching.R:137:3') - Function 'extract_roster_names' is deprecated and will be removed in the next version. Please use the essential functions instead. See ?get_essential_functions for alternatives.

446. detect_unmatched_names works correctly ('test-prompt_name_matching.R:142:3') - Function 'extract_transcript_names' is deprecated and will be removed in the next version. Please use the essential functions instead. See ?get_essential_functions for alternatives.

447. detect_unmatched_names works correctly ('test-prompt_name_matching.R:142:3') - Function 'extract_roster_names' is deprecated and will be removed in the next version. Please use the essential functions instead. See ?get_essential_functions for alternatives.

448. detect_unmatched_names works correctly ('test-prompt_name_matching.R:155:3') - Function 'extract_transcript_names' is deprecated and will be removed in the next version. Please use the essential functions instead. See ?get_essential_functions for alternatives.

449. detect_unmatched_names works correctly ('test-prompt_name_matching.R:155:3') - Function 'extract_roster_names' is deprecated and will be removed in the next version. Please use the essential functions instead. See ?get_essential_functions for alternatives.

450. detect_unmatched_names works correctly ('test-prompt_name_matching.R:155:3') - Function 'extract_mapped_names' is deprecated and will be removed in the next version. Please use the essential functions instead. See ?get_essential_functions for alternatives.

451. extract_transcript_names works correctly ('test-prompt_name_matching.R:185:3') - Function 'extract_transcript_names' is deprecated and will be removed in the next version. Please use the essential functions instead. See ?get_essential_functions for alternatives.

452. extract_transcript_names works correctly ('test-prompt_name_matching.R:193:3') - Function 'extract_transcript_names' is deprecated and will be removed in the next version. Please use the essential functions instead. See ?get_essential_functions for alternatives.

453. extract_transcript_names works correctly ('test-prompt_name_matching.R:200:3') - Function 'extract_transcript_names' is deprecated and will be removed in the next version. Please use the essential functions instead. See ?get_essential_functions for alternatives.

454. extract_transcript_names works correctly ('test-prompt_name_matching.R:207:3') - Function 'extract_transcript_names' is deprecated and will be removed in the next version. Please use the essential functions instead. See ?get_essential_functions for alternatives.

455. extract_roster_names works correctly ('test-prompt_name_matching.R:217:3') - Function 'extract_roster_names' is deprecated and will be removed in the next version. Please use the essential functions instead. See ?get_essential_functions for alternatives.

456. extract_roster_names works correctly ('test-prompt_name_matching.R:225:3') - Function 'extract_roster_names' is deprecated and will be removed in the next version. Please use the essential functions instead. See ?get_essential_functions for alternatives.

457. extract_roster_names works correctly ('test-prompt_name_matching.R:232:3') - Function 'extract_roster_names' is deprecated and will be removed in the next version. Please use the essential functions instead. See ?get_essential_functions for alternatives.

458. extract_mapped_names works correctly ('test-prompt_name_matching.R:242:3') - Function 'extract_mapped_names' is deprecated and will be removed in the next version. Please use the essential functions instead. See ?get_essential_functions for alternatives.

459. extract_mapped_names works correctly ('test-prompt_name_matching.R:250:3') - Function 'extract_mapped_names' is deprecated and will be removed in the next version. Please use the essential functions instead. See ?get_essential_functions for alternatives.

460. extract_mapped_names works correctly ('test-prompt_name_matching.R:257:3') - Function 'extract_mapped_names' is deprecated and will be removed in the next version. Please use the essential functions instead. See ?get_essential_functions for alternatives.

461. real-world Rmd identification chunk respects read-only gate ('test-rmd-readonly-gate.R:20:3') - Function 'conditionally_write_lookup' is deprecated and will be removed in the next version. Please use the essential functions instead. See ?get_essential_functions for alternatives.

462. run_student_reports renders reports ('test-run_student_reports.R:9:3') - Function 'run_student_reports' is deprecated and will be removed in the next version. Please use the essential functions instead. See ?get_essential_functions for alternatives.

463. safe_name_matching_workflow works with valid data ('test-safe_name_matching_workflow_coverage.R:155:3') - Missing columns in transcript data: user_name, message, timestamp
This may affect processing. Expected columns: user_name, message, timestamp

464. safe_name_matching_workflow works with valid data ('test-safe_name_matching_workflow_coverage.R:155:3') - Function 'extract_transcript_names' is deprecated and will be removed in the next version. Please use the essential functions instead. See ?get_essential_functions for alternatives.

465. safe_name_matching_workflow works with valid data ('test-safe_name_matching_workflow_coverage.R:155:3') - Function 'extract_roster_names' is deprecated and will be removed in the next version. Please use the essential functions instead. See ?get_essential_functions for alternatives.

466. safe_name_matching_workflow works with valid data ('test-safe_name_matching_workflow_coverage.R:155:3') - Function 'extract_mapped_names' is deprecated and will be removed in the next version. Please use the essential functions instead. See ?get_essential_functions for alternatives.

467. safe_name_matching_workflow works with valid data ('test-safe_name_matching_workflow_coverage.R:155:3') - Function 'process_transcript_with_privacy' is deprecated and will be removed in the next version. Please use the essential functions instead. See ?get_essential_functions for alternatives.

468. safe_name_matching_workflow works with valid data ('test-safe_name_matching_workflow_coverage.R:155:3') - Function 'match_names_with_privacy' is deprecated and will be removed in the next version. Please use the essential functions instead. See ?get_essential_functions for alternatives.

469. safe_name_matching_workflow works with valid data ('test-safe_name_matching_workflow_coverage.R:155:3') - Function 'extract_transcript_names' is deprecated and will be removed in the next version. Please use the essential functions instead. See ?get_essential_functions for alternatives.

470. safe_name_matching_workflow works with valid data ('test-safe_name_matching_workflow_coverage.R:155:3') - Function 'extract_roster_names' is deprecated and will be removed in the next version. Please use the essential functions instead. See ?get_essential_functions for alternatives.

471. safe_name_matching_workflow works with valid data ('test-safe_name_matching_workflow_coverage.R:155:3') - Function 'create_name_lookup' is deprecated and will be removed in the next version. Please use the essential functions instead. See ?get_essential_functions for alternatives.

472. safe_name_matching_workflow works with valid data ('test-safe_name_matching_workflow_coverage.R:155:3') - Function 'find_roster_match' is deprecated and will be removed in the next version. Please use the essential functions instead. See ?get_essential_functions for alternatives.

473. safe_name_matching_workflow works with valid data ('test-safe_name_matching_workflow_coverage.R:155:3') - Function 'find_roster_match' is deprecated and will be removed in the next version. Please use the essential functions instead. See ?get_essential_functions for alternatives.

474. safe_name_matching_workflow works with valid data ('test-safe_name_matching_workflow_coverage.R:155:3') - Function 'find_roster_match' is deprecated and will be removed in the next version. Please use the essential functions instead. See ?get_essential_functions for alternatives.

475. safe_name_matching_workflow works with valid data ('test-safe_name_matching_workflow_coverage.R:155:3') - Function 'apply_name_matching' is deprecated and will be removed in the next version. Please use the essential functions instead. See ?get_essential_functions for alternatives.

476. safe_name_matching_workflow handles different privacy levels ('test-safe_name_matching_workflow_coverage.R:175:3') - Missing columns in transcript data: user_name, message, timestamp
This may affect processing. Expected columns: user_name, message, timestamp

477. safe_name_matching_workflow handles different privacy levels ('test-safe_name_matching_workflow_coverage.R:175:3') - Function 'extract_transcript_names' is deprecated and will be removed in the next version. Please use the essential functions instead. See ?get_essential_functions for alternatives.

478. safe_name_matching_workflow handles different privacy levels ('test-safe_name_matching_workflow_coverage.R:175:3') - Function 'extract_roster_names' is deprecated and will be removed in the next version. Please use the essential functions instead. See ?get_essential_functions for alternatives.

479. safe_name_matching_workflow handles different privacy levels ('test-safe_name_matching_workflow_coverage.R:175:3') - Function 'extract_mapped_names' is deprecated and will be removed in the next version. Please use the essential functions instead. See ?get_essential_functions for alternatives.

480. safe_name_matching_workflow handles different privacy levels ('test-safe_name_matching_workflow_coverage.R:175:3') - Function 'process_transcript_with_privacy' is deprecated and will be removed in the next version. Please use the essential functions instead. See ?get_essential_functions for alternatives.

481. safe_name_matching_workflow handles different privacy levels ('test-safe_name_matching_workflow_coverage.R:175:3') - Function 'match_names_with_privacy' is deprecated and will be removed in the next version. Please use the essential functions instead. See ?get_essential_functions for alternatives.

482. safe_name_matching_workflow handles different privacy levels ('test-safe_name_matching_workflow_coverage.R:175:3') - Function 'extract_transcript_names' is deprecated and will be removed in the next version. Please use the essential functions instead. See ?get_essential_functions for alternatives.

483. safe_name_matching_workflow handles different privacy levels ('test-safe_name_matching_workflow_coverage.R:175:3') - Function 'extract_roster_names' is deprecated and will be removed in the next version. Please use the essential functions instead. See ?get_essential_functions for alternatives.

484. safe_name_matching_workflow handles different privacy levels ('test-safe_name_matching_workflow_coverage.R:175:3') - Function 'create_name_lookup' is deprecated and will be removed in the next version. Please use the essential functions instead. See ?get_essential_functions for alternatives.

485. safe_name_matching_workflow handles different privacy levels ('test-safe_name_matching_workflow_coverage.R:175:3') - Function 'find_roster_match' is deprecated and will be removed in the next version. Please use the essential functions instead. See ?get_essential_functions for alternatives.

486. safe_name_matching_workflow handles different privacy levels ('test-safe_name_matching_workflow_coverage.R:175:3') - Function 'find_roster_match' is deprecated and will be removed in the next version. Please use the essential functions instead. See ?get_essential_functions for alternatives.

487. safe_name_matching_workflow handles different privacy levels ('test-safe_name_matching_workflow_coverage.R:175:3') - Function 'find_roster_match' is deprecated and will be removed in the next version. Please use the essential functions instead. See ?get_essential_functions for alternatives.

488. safe_name_matching_workflow handles different privacy levels ('test-safe_name_matching_workflow_coverage.R:175:3') - Function 'apply_name_matching' is deprecated and will be removed in the next version. Please use the essential functions instead. See ?get_essential_functions for alternatives.

489. safe_name_matching_workflow handles different privacy levels ('test-safe_name_matching_workflow_coverage.R:175:3') - Function 'extract_transcript_names' is deprecated and will be removed in the next version. Please use the essential functions instead. See ?get_essential_functions for alternatives.

490. safe_name_matching_workflow handles different privacy levels ('test-safe_name_matching_workflow_coverage.R:175:3') - Function 'extract_roster_names' is deprecated and will be removed in the next version. Please use the essential functions instead. See ?get_essential_functions for alternatives.

491. safe_name_matching_workflow handles different privacy levels ('test-safe_name_matching_workflow_coverage.R:185:3') - Missing columns in transcript data: user_name, message, timestamp
This may affect processing. Expected columns: user_name, message, timestamp

492. safe_name_matching_workflow handles different privacy levels ('test-safe_name_matching_workflow_coverage.R:185:3') - Function 'extract_transcript_names' is deprecated and will be removed in the next version. Please use the essential functions instead. See ?get_essential_functions for alternatives.

493. safe_name_matching_workflow handles different privacy levels ('test-safe_name_matching_workflow_coverage.R:185:3') - Function 'extract_roster_names' is deprecated and will be removed in the next version. Please use the essential functions instead. See ?get_essential_functions for alternatives.

494. safe_name_matching_workflow handles different privacy levels ('test-safe_name_matching_workflow_coverage.R:185:3') - Function 'extract_mapped_names' is deprecated and will be removed in the next version. Please use the essential functions instead. See ?get_essential_functions for alternatives.

495. safe_name_matching_workflow handles different privacy levels ('test-safe_name_matching_workflow_coverage.R:185:3') - Function 'process_transcript_with_privacy' is deprecated and will be removed in the next version. Please use the essential functions instead. See ?get_essential_functions for alternatives.

496. safe_name_matching_workflow handles different privacy levels ('test-safe_name_matching_workflow_coverage.R:185:3') - Function 'match_names_with_privacy' is deprecated and will be removed in the next version. Please use the essential functions instead. See ?get_essential_functions for alternatives.

497. safe_name_matching_workflow handles different privacy levels ('test-safe_name_matching_workflow_coverage.R:185:3') - Function 'extract_transcript_names' is deprecated and will be removed in the next version. Please use the essential functions instead. See ?get_essential_functions for alternatives.

498. safe_name_matching_workflow handles different privacy levels ('test-safe_name_matching_workflow_coverage.R:185:3') - Function 'extract_roster_names' is deprecated and will be removed in the next version. Please use the essential functions instead. See ?get_essential_functions for alternatives.

499. safe_name_matching_workflow handles different privacy levels ('test-safe_name_matching_workflow_coverage.R:185:3') - Function 'create_name_lookup' is deprecated and will be removed in the next version. Please use the essential functions instead. See ?get_essential_functions for alternatives.

500. safe_name_matching_workflow handles different privacy levels ('test-safe_name_matching_workflow_coverage.R:185:3') - Function 'find_roster_match' is deprecated and will be removed in the next version. Please use the essential functions instead. See ?get_essential_functions for alternatives.

501. safe_name_matching_workflow handles different privacy levels ('test-safe_name_matching_workflow_coverage.R:185:3') - Function 'find_roster_match' is deprecated and will be removed in the next version. Please use the essential functions instead. See ?get_essential_functions for alternatives.

502. safe_name_matching_workflow handles different privacy levels ('test-safe_name_matching_workflow_coverage.R:185:3') - Function 'find_roster_match' is deprecated and will be removed in the next version. Please use the essential functions instead. See ?get_essential_functions for alternatives.

503. safe_name_matching_workflow handles different privacy levels ('test-safe_name_matching_workflow_coverage.R:185:3') - Function 'apply_name_matching' is deprecated and will be removed in the next version. Please use the essential functions instead. See ?get_essential_functions for alternatives.

504. safe_name_matching_workflow handles different privacy levels ('test-safe_name_matching_workflow_coverage.R:185:3') - Function 'extract_transcript_names' is deprecated and will be removed in the next version. Please use the essential functions instead. See ?get_essential_functions for alternatives.

505. safe_name_matching_workflow handles different privacy levels ('test-safe_name_matching_workflow_coverage.R:185:3') - Function 'extract_roster_names' is deprecated and will be removed in the next version. Please use the essential functions instead. See ?get_essential_functions for alternatives.

506. safe_name_matching_workflow handles different privacy levels ('test-safe_name_matching_workflow_coverage.R:195:3') - Missing columns in transcript data: user_name, message, timestamp
This may affect processing. Expected columns: user_name, message, timestamp

507. safe_name_matching_workflow handles different privacy levels ('test-safe_name_matching_workflow_coverage.R:195:3') - Function 'extract_transcript_names' is deprecated and will be removed in the next version. Please use the essential functions instead. See ?get_essential_functions for alternatives.

508. safe_name_matching_workflow handles different privacy levels ('test-safe_name_matching_workflow_coverage.R:195:3') - Function 'extract_roster_names' is deprecated and will be removed in the next version. Please use the essential functions instead. See ?get_essential_functions for alternatives.

509. safe_name_matching_workflow handles different privacy levels ('test-safe_name_matching_workflow_coverage.R:195:3') - Function 'extract_mapped_names' is deprecated and will be removed in the next version. Please use the essential functions instead. See ?get_essential_functions for alternatives.

510. safe_name_matching_workflow handles different privacy levels ('test-safe_name_matching_workflow_coverage.R:195:3') - Function 'process_transcript_with_privacy' is deprecated and will be removed in the next version. Please use the essential functions instead. See ?get_essential_functions for alternatives.

511. safe_name_matching_workflow handles different privacy levels ('test-safe_name_matching_workflow_coverage.R:195:3') - Function 'match_names_with_privacy' is deprecated and will be removed in the next version. Please use the essential functions instead. See ?get_essential_functions for alternatives.

512. safe_name_matching_workflow handles different privacy levels ('test-safe_name_matching_workflow_coverage.R:195:3') - Function 'extract_transcript_names' is deprecated and will be removed in the next version. Please use the essential functions instead. See ?get_essential_functions for alternatives.

513. safe_name_matching_workflow handles different privacy levels ('test-safe_name_matching_workflow_coverage.R:195:3') - Function 'extract_roster_names' is deprecated and will be removed in the next version. Please use the essential functions instead. See ?get_essential_functions for alternatives.

514. safe_name_matching_workflow handles different privacy levels ('test-safe_name_matching_workflow_coverage.R:195:3') - Function 'create_name_lookup' is deprecated and will be removed in the next version. Please use the essential functions instead. See ?get_essential_functions for alternatives.

515. safe_name_matching_workflow handles different privacy levels ('test-safe_name_matching_workflow_coverage.R:195:3') - Function 'find_roster_match' is deprecated and will be removed in the next version. Please use the essential functions instead. See ?get_essential_functions for alternatives.

516. safe_name_matching_workflow handles different privacy levels ('test-safe_name_matching_workflow_coverage.R:195:3') - Function 'find_roster_match' is deprecated and will be removed in the next version. Please use the essential functions instead. See ?get_essential_functions for alternatives.

517. safe_name_matching_workflow handles different privacy levels ('test-safe_name_matching_workflow_coverage.R:195:3') - Function 'find_roster_match' is deprecated and will be removed in the next version. Please use the essential functions instead. See ?get_essential_functions for alternatives.

518. safe_name_matching_workflow handles different privacy levels ('test-safe_name_matching_workflow_coverage.R:195:3') - Function 'apply_name_matching' is deprecated and will be removed in the next version. Please use the essential functions instead. See ?get_essential_functions for alternatives.

519. safe_name_matching_workflow handles different privacy levels ('test-safe_name_matching_workflow_coverage.R:195:3') - Function 'extract_transcript_names' is deprecated and will be removed in the next version. Please use the essential functions instead. See ?get_essential_functions for alternatives.

520. safe_name_matching_workflow handles different privacy levels ('test-safe_name_matching_workflow_coverage.R:195:3') - Function 'extract_roster_names' is deprecated and will be removed in the next version. Please use the essential functions instead. See ?get_essential_functions for alternatives.

521. safe_name_matching_workflow handles unmatched names ('test-safe_name_matching_workflow_coverage.R:214:3') - Missing columns in transcript data: user_name, message, timestamp
This may affect processing. Expected columns: user_name, message, timestamp

522. safe_name_matching_workflow handles unmatched names ('test-safe_name_matching_workflow_coverage.R:214:3') - Function 'extract_transcript_names' is deprecated and will be removed in the next version. Please use the essential functions instead. See ?get_essential_functions for alternatives.

523. safe_name_matching_workflow handles unmatched names ('test-safe_name_matching_workflow_coverage.R:214:3') - Function 'extract_roster_names' is deprecated and will be removed in the next version. Please use the essential functions instead. See ?get_essential_functions for alternatives.

524. safe_name_matching_workflow handles unmatched names ('test-safe_name_matching_workflow_coverage.R:214:3') - Function 'extract_mapped_names' is deprecated and will be removed in the next version. Please use the essential functions instead. See ?get_essential_functions for alternatives.

525. safe_name_matching_workflow handles unmatched names ('test-safe_name_matching_workflow_coverage.R:214:3') - Function 'handle_unmatched_names' is deprecated and will be removed in the next version. Please use the essential functions instead. See ?get_essential_functions for alternatives.

526. safe_name_matching_workflow handles unmatched names ('test-safe_name_matching_workflow_coverage.R:224:3') - Missing columns in transcript data: user_name, message, timestamp
This may affect processing. Expected columns: user_name, message, timestamp

527. safe_name_matching_workflow handles unmatched names ('test-safe_name_matching_workflow_coverage.R:224:3') - Function 'extract_transcript_names' is deprecated and will be removed in the next version. Please use the essential functions instead. See ?get_essential_functions for alternatives.

528. safe_name_matching_workflow handles unmatched names ('test-safe_name_matching_workflow_coverage.R:224:3') - Function 'extract_roster_names' is deprecated and will be removed in the next version. Please use the essential functions instead. See ?get_essential_functions for alternatives.

529. safe_name_matching_workflow handles unmatched names ('test-safe_name_matching_workflow_coverage.R:224:3') - Function 'extract_mapped_names' is deprecated and will be removed in the next version. Please use the essential functions instead. See ?get_essential_functions for alternatives.

530. safe_name_matching_workflow handles unmatched names ('test-safe_name_matching_workflow_coverage.R:224:3') - Function 'handle_unmatched_names' is deprecated and will be removed in the next version. Please use the essential functions instead. See ?get_essential_functions for alternatives.

531. safe_name_matching_workflow handles unmatched names ('test-safe_name_matching_workflow_coverage.R:224:3') - Some names need matching. Privacy temporarily disabled for matching process.

532. safe_name_matching_workflow handles unmatched names ('test-safe_name_matching_workflow_coverage.R:224:3') - Function 'prompt_name_matching' is deprecated and will be removed in the next version. Please use the essential functions instead. See ?get_essential_functions for alternatives.

533. safe_name_matching_workflow handles name mapping file issues ('test-safe_name_matching_workflow_coverage.R:265:3') - Missing columns in transcript data: user_name, message, timestamp
This may affect processing. Expected columns: user_name, message, timestamp

534. safe_name_matching_workflow handles name mapping file issues ('test-safe_name_matching_workflow_coverage.R:265:3') - Function 'extract_transcript_names' is deprecated and will be removed in the next version. Please use the essential functions instead. See ?get_essential_functions for alternatives.

535. safe_name_matching_workflow handles name mapping file issues ('test-safe_name_matching_workflow_coverage.R:265:3') - Function 'extract_roster_names' is deprecated and will be removed in the next version. Please use the essential functions instead. See ?get_essential_functions for alternatives.

536. safe_name_matching_workflow handles name mapping file issues ('test-safe_name_matching_workflow_coverage.R:265:3') - Function 'extract_mapped_names' is deprecated and will be removed in the next version. Please use the essential functions instead. See ?get_essential_functions for alternatives.

537. safe_name_matching_workflow handles name mapping file issues ('test-safe_name_matching_workflow_coverage.R:265:3') - Function 'process_transcript_with_privacy' is deprecated and will be removed in the next version. Please use the essential functions instead. See ?get_essential_functions for alternatives.

538. safe_name_matching_workflow handles name mapping file issues ('test-safe_name_matching_workflow_coverage.R:265:3') - Function 'match_names_with_privacy' is deprecated and will be removed in the next version. Please use the essential functions instead. See ?get_essential_functions for alternatives.

539. safe_name_matching_workflow handles name mapping file issues ('test-safe_name_matching_workflow_coverage.R:265:3') - Function 'extract_transcript_names' is deprecated and will be removed in the next version. Please use the essential functions instead. See ?get_essential_functions for alternatives.

540. safe_name_matching_workflow handles name mapping file issues ('test-safe_name_matching_workflow_coverage.R:265:3') - Function 'extract_roster_names' is deprecated and will be removed in the next version. Please use the essential functions instead. See ?get_essential_functions for alternatives.

541. safe_name_matching_workflow handles name mapping file issues ('test-safe_name_matching_workflow_coverage.R:265:3') - Function 'create_name_lookup' is deprecated and will be removed in the next version. Please use the essential functions instead. See ?get_essential_functions for alternatives.

542. safe_name_matching_workflow handles name mapping file issues ('test-safe_name_matching_workflow_coverage.R:265:3') - Function 'find_roster_match' is deprecated and will be removed in the next version. Please use the essential functions instead. See ?get_essential_functions for alternatives.

543. safe_name_matching_workflow handles name mapping file issues ('test-safe_name_matching_workflow_coverage.R:265:3') - Function 'find_roster_match' is deprecated and will be removed in the next version. Please use the essential functions instead. See ?get_essential_functions for alternatives.

544. safe_name_matching_workflow handles name mapping file issues ('test-safe_name_matching_workflow_coverage.R:265:3') - Function 'find_roster_match' is deprecated and will be removed in the next version. Please use the essential functions instead. See ?get_essential_functions for alternatives.

545. safe_name_matching_workflow handles name mapping file issues ('test-safe_name_matching_workflow_coverage.R:265:3') - Function 'apply_name_matching' is deprecated and will be removed in the next version. Please use the essential functions instead. See ?get_essential_functions for alternatives.

546. safe_name_matching_workflow handles name mapping file issues ('test-safe_name_matching_workflow_coverage.R:265:3') - Function 'extract_transcript_names' is deprecated and will be removed in the next version. Please use the essential functions instead. See ?get_essential_functions for alternatives.

547. safe_name_matching_workflow handles name mapping file issues ('test-safe_name_matching_workflow_coverage.R:265:3') - Function 'extract_roster_names' is deprecated and will be removed in the next version. Please use the essential functions instead. See ?get_essential_functions for alternatives.

548. safe_name_matching_workflow handles memory cleanup ('test-safe_name_matching_workflow_coverage.R:324:3') - Missing columns in transcript data: user_name, message, timestamp
This may affect processing. Expected columns: user_name, message, timestamp

549. safe_name_matching_workflow handles memory cleanup ('test-safe_name_matching_workflow_coverage.R:324:3') - Function 'extract_transcript_names' is deprecated and will be removed in the next version. Please use the essential functions instead. See ?get_essential_functions for alternatives.

550. safe_name_matching_workflow handles memory cleanup ('test-safe_name_matching_workflow_coverage.R:324:3') - Function 'extract_roster_names' is deprecated and will be removed in the next version. Please use the essential functions instead. See ?get_essential_functions for alternatives.

551. safe_name_matching_workflow handles memory cleanup ('test-safe_name_matching_workflow_coverage.R:324:3') - Function 'extract_mapped_names' is deprecated and will be removed in the next version. Please use the essential functions instead. See ?get_essential_functions for alternatives.

552. safe_name_matching_workflow handles memory cleanup ('test-safe_name_matching_workflow_coverage.R:324:3') - Function 'process_transcript_with_privacy' is deprecated and will be removed in the next version. Please use the essential functions instead. See ?get_essential_functions for alternatives.

553. safe_name_matching_workflow handles memory cleanup ('test-safe_name_matching_workflow_coverage.R:324:3') - Function 'match_names_with_privacy' is deprecated and will be removed in the next version. Please use the essential functions instead. See ?get_essential_functions for alternatives.

554. safe_name_matching_workflow handles memory cleanup ('test-safe_name_matching_workflow_coverage.R:324:3') - Function 'extract_transcript_names' is deprecated and will be removed in the next version. Please use the essential functions instead. See ?get_essential_functions for alternatives.

555. safe_name_matching_workflow handles memory cleanup ('test-safe_name_matching_workflow_coverage.R:324:3') - Function 'extract_roster_names' is deprecated and will be removed in the next version. Please use the essential functions instead. See ?get_essential_functions for alternatives.

556. safe_name_matching_workflow handles memory cleanup ('test-safe_name_matching_workflow_coverage.R:324:3') - Function 'create_name_lookup' is deprecated and will be removed in the next version. Please use the essential functions instead. See ?get_essential_functions for alternatives.

557. safe_name_matching_workflow handles memory cleanup ('test-safe_name_matching_workflow_coverage.R:324:3') - Function 'find_roster_match' is deprecated and will be removed in the next version. Please use the essential functions instead. See ?get_essential_functions for alternatives.

558. safe_name_matching_workflow handles memory cleanup ('test-safe_name_matching_workflow_coverage.R:324:3') - Function 'find_roster_match' is deprecated and will be removed in the next version. Please use the essential functions instead. See ?get_essential_functions for alternatives.

559. safe_name_matching_workflow handles memory cleanup ('test-safe_name_matching_workflow_coverage.R:324:3') - Function 'find_roster_match' is deprecated and will be removed in the next version. Please use the essential functions instead. See ?get_essential_functions for alternatives.

560. safe_name_matching_workflow handles memory cleanup ('test-safe_name_matching_workflow_coverage.R:324:3') - Function 'apply_name_matching' is deprecated and will be removed in the next version. Please use the essential functions instead. See ?get_essential_functions for alternatives.

561. safe_name_matching_workflow handles diagnostic messages ('test-safe_name_matching_workflow_coverage.R:353:5') - Missing columns in transcript data: user_name, message, timestamp
This may affect processing. Expected columns: user_name, message, timestamp

562. safe_name_matching_workflow handles diagnostic messages ('test-safe_name_matching_workflow_coverage.R:353:5') - Function 'extract_transcript_names' is deprecated and will be removed in the next version. Please use the essential functions instead. See ?get_essential_functions for alternatives.

563. safe_name_matching_workflow handles diagnostic messages ('test-safe_name_matching_workflow_coverage.R:353:5') - Function 'extract_roster_names' is deprecated and will be removed in the next version. Please use the essential functions instead. See ?get_essential_functions for alternatives.

564. safe_name_matching_workflow handles diagnostic messages ('test-safe_name_matching_workflow_coverage.R:353:5') - Function 'extract_mapped_names' is deprecated and will be removed in the next version. Please use the essential functions instead. See ?get_essential_functions for alternatives.

565. safe_name_matching_workflow handles diagnostic messages ('test-safe_name_matching_workflow_coverage.R:353:5') - Function 'process_transcript_with_privacy' is deprecated and will be removed in the next version. Please use the essential functions instead. See ?get_essential_functions for alternatives.

566. safe_name_matching_workflow handles diagnostic messages ('test-safe_name_matching_workflow_coverage.R:353:5') - Function 'match_names_with_privacy' is deprecated and will be removed in the next version. Please use the essential functions instead. See ?get_essential_functions for alternatives.

567. safe_name_matching_workflow handles diagnostic messages ('test-safe_name_matching_workflow_coverage.R:353:5') - Function 'extract_transcript_names' is deprecated and will be removed in the next version. Please use the essential functions instead. See ?get_essential_functions for alternatives.

568. safe_name_matching_workflow handles diagnostic messages ('test-safe_name_matching_workflow_coverage.R:353:5') - Function 'extract_roster_names' is deprecated and will be removed in the next version. Please use the essential functions instead. See ?get_essential_functions for alternatives.

569. safe_name_matching_workflow handles diagnostic messages ('test-safe_name_matching_workflow_coverage.R:353:5') - Function 'create_name_lookup' is deprecated and will be removed in the next version. Please use the essential functions instead. See ?get_essential_functions for alternatives.

570. safe_name_matching_workflow handles diagnostic messages ('test-safe_name_matching_workflow_coverage.R:353:5') - Function 'find_roster_match' is deprecated and will be removed in the next version. Please use the essential functions instead. See ?get_essential_functions for alternatives.

571. safe_name_matching_workflow handles diagnostic messages ('test-safe_name_matching_workflow_coverage.R:353:5') - Function 'find_roster_match' is deprecated and will be removed in the next version. Please use the essential functions instead. See ?get_essential_functions for alternatives.

572. safe_name_matching_workflow handles diagnostic messages ('test-safe_name_matching_workflow_coverage.R:353:5') - Function 'find_roster_match' is deprecated and will be removed in the next version. Please use the essential functions instead. See ?get_essential_functions for alternatives.

573. safe_name_matching_workflow handles diagnostic messages ('test-safe_name_matching_workflow_coverage.R:353:5') - Function 'apply_name_matching' is deprecated and will be removed in the next version. Please use the essential functions instead. See ?get_essential_functions for alternatives.

574. safe_name_matching_workflow handles diagnostic messages ('test-safe_name_matching_workflow_coverage.R:353:5') - Function 'extract_transcript_names' is deprecated and will be removed in the next version. Please use the essential functions instead. See ?get_essential_functions for alternatives.

575. safe_name_matching_workflow handles diagnostic messages ('test-safe_name_matching_workflow_coverage.R:353:5') - Function 'extract_roster_names' is deprecated and will be removed in the next version. Please use the essential functions instead. See ?get_essential_functions for alternatives.

576. safe_name_matching_workflow handles complex name matching scenarios ('test-safe_name_matching_workflow_coverage.R:389:3') - Missing columns in transcript data: user_name, message, timestamp
This may affect processing. Expected columns: user_name, message, timestamp

577. safe_name_matching_workflow handles complex name matching scenarios ('test-safe_name_matching_workflow_coverage.R:389:3') - Function 'extract_transcript_names' is deprecated and will be removed in the next version. Please use the essential functions instead. See ?get_essential_functions for alternatives.

578. safe_name_matching_workflow handles complex name matching scenarios ('test-safe_name_matching_workflow_coverage.R:389:3') - Function 'extract_roster_names' is deprecated and will be removed in the next version. Please use the essential functions instead. See ?get_essential_functions for alternatives.

579. safe_name_matching_workflow handles complex name matching scenarios ('test-safe_name_matching_workflow_coverage.R:389:3') - Function 'extract_mapped_names' is deprecated and will be removed in the next version. Please use the essential functions instead. See ?get_essential_functions for alternatives.

580. safe_name_matching_workflow handles complex name matching scenarios ('test-safe_name_matching_workflow_coverage.R:389:3') - Function 'process_transcript_with_privacy' is deprecated and will be removed in the next version. Please use the essential functions instead. See ?get_essential_functions for alternatives.

581. safe_name_matching_workflow handles complex name matching scenarios ('test-safe_name_matching_workflow_coverage.R:389:3') - Function 'match_names_with_privacy' is deprecated and will be removed in the next version. Please use the essential functions instead. See ?get_essential_functions for alternatives.

582. safe_name_matching_workflow handles complex name matching scenarios ('test-safe_name_matching_workflow_coverage.R:389:3') - Function 'extract_transcript_names' is deprecated and will be removed in the next version. Please use the essential functions instead. See ?get_essential_functions for alternatives.

583. safe_name_matching_workflow handles complex name matching scenarios ('test-safe_name_matching_workflow_coverage.R:389:3') - Function 'extract_roster_names' is deprecated and will be removed in the next version. Please use the essential functions instead. See ?get_essential_functions for alternatives.

584. safe_name_matching_workflow handles complex name matching scenarios ('test-safe_name_matching_workflow_coverage.R:389:3') - Function 'create_name_lookup' is deprecated and will be removed in the next version. Please use the essential functions instead. See ?get_essential_functions for alternatives.

585. safe_name_matching_workflow handles complex name matching scenarios ('test-safe_name_matching_workflow_coverage.R:389:3') - Function 'find_roster_match' is deprecated and will be removed in the next version. Please use the essential functions instead. See ?get_essential_functions for alternatives.

586. safe_name_matching_workflow handles complex name matching scenarios ('test-safe_name_matching_workflow_coverage.R:389:3') - Function 'find_roster_match' is deprecated and will be removed in the next version. Please use the essential functions instead. See ?get_essential_functions for alternatives.

587. safe_name_matching_workflow handles complex name matching scenarios ('test-safe_name_matching_workflow_coverage.R:389:3') - Function 'find_roster_match' is deprecated and will be removed in the next version. Please use the essential functions instead. See ?get_essential_functions for alternatives.

588. safe_name_matching_workflow handles complex name matching scenarios ('test-safe_name_matching_workflow_coverage.R:389:3') - Function 'apply_name_matching' is deprecated and will be removed in the next version. Please use the essential functions instead. See ?get_essential_functions for alternatives.

589. safe_name_matching_workflow handles international names ('test-safe_name_matching_workflow_coverage.R:428:3') - Missing columns in transcript data: user_name, message, timestamp
This may affect processing. Expected columns: user_name, message, timestamp

590. safe_name_matching_workflow handles international names ('test-safe_name_matching_workflow_coverage.R:428:3') - Function 'extract_transcript_names' is deprecated and will be removed in the next version. Please use the essential functions instead. See ?get_essential_functions for alternatives.

591. safe_name_matching_workflow handles international names ('test-safe_name_matching_workflow_coverage.R:428:3') - Function 'extract_roster_names' is deprecated and will be removed in the next version. Please use the essential functions instead. See ?get_essential_functions for alternatives.

592. safe_name_matching_workflow handles international names ('test-safe_name_matching_workflow_coverage.R:428:3') - Function 'extract_mapped_names' is deprecated and will be removed in the next version. Please use the essential functions instead. See ?get_essential_functions for alternatives.

593. safe_name_matching_workflow handles international names ('test-safe_name_matching_workflow_coverage.R:428:3') - Function 'process_transcript_with_privacy' is deprecated and will be removed in the next version. Please use the essential functions instead. See ?get_essential_functions for alternatives.

594. safe_name_matching_workflow handles international names ('test-safe_name_matching_workflow_coverage.R:428:3') - Function 'match_names_with_privacy' is deprecated and will be removed in the next version. Please use the essential functions instead. See ?get_essential_functions for alternatives.

595. safe_name_matching_workflow handles international names ('test-safe_name_matching_workflow_coverage.R:428:3') - Function 'extract_transcript_names' is deprecated and will be removed in the next version. Please use the essential functions instead. See ?get_essential_functions for alternatives.

596. safe_name_matching_workflow handles international names ('test-safe_name_matching_workflow_coverage.R:428:3') - Function 'extract_roster_names' is deprecated and will be removed in the next version. Please use the essential functions instead. See ?get_essential_functions for alternatives.

597. safe_name_matching_workflow handles international names ('test-safe_name_matching_workflow_coverage.R:428:3') - Function 'create_name_lookup' is deprecated and will be removed in the next version. Please use the essential functions instead. See ?get_essential_functions for alternatives.

598. safe_name_matching_workflow handles international names ('test-safe_name_matching_workflow_coverage.R:428:3') - Function 'find_roster_match' is deprecated and will be removed in the next version. Please use the essential functions instead. See ?get_essential_functions for alternatives.

599. safe_name_matching_workflow handles international names ('test-safe_name_matching_workflow_coverage.R:428:3') - Function 'find_roster_match' is deprecated and will be removed in the next version. Please use the essential functions instead. See ?get_essential_functions for alternatives.

600. safe_name_matching_workflow handles international names ('test-safe_name_matching_workflow_coverage.R:428:3') - Function 'find_roster_match' is deprecated and will be removed in the next version. Please use the essential functions instead. See ?get_essential_functions for alternatives.

601. safe_name_matching_workflow handles international names ('test-safe_name_matching_workflow_coverage.R:428:3') - Function 'apply_name_matching' is deprecated and will be removed in the next version. Please use the essential functions instead. See ?get_essential_functions for alternatives.

602. safe_name_matching_workflow handles transcript validation ('test-safe_name_matching_workflow_coverage.R:453:3') - Function 'extract_transcript_names' is deprecated and will be removed in the next version. Please use the essential functions instead. See ?get_essential_functions for alternatives.

603. safe_name_matching_workflow handles transcript validation ('test-safe_name_matching_workflow_coverage.R:453:3') - Function 'extract_roster_names' is deprecated and will be removed in the next version. Please use the essential functions instead. See ?get_essential_functions for alternatives.

604. safe_name_matching_workflow handles transcript validation ('test-safe_name_matching_workflow_coverage.R:453:3') - Function 'extract_mapped_names' is deprecated and will be removed in the next version. Please use the essential functions instead. See ?get_essential_functions for alternatives.

605. safe_name_matching_workflow handles transcript validation ('test-safe_name_matching_workflow_coverage.R:453:3') - Function 'process_transcript_with_privacy' is deprecated and will be removed in the next version. Please use the essential functions instead. See ?get_essential_functions for alternatives.

606. safe_name_matching_workflow handles transcript validation ('test-safe_name_matching_workflow_coverage.R:453:3') - Function 'match_names_with_privacy' is deprecated and will be removed in the next version. Please use the essential functions instead. See ?get_essential_functions for alternatives.

607. safe_name_matching_workflow handles transcript validation ('test-safe_name_matching_workflow_coverage.R:453:3') - Function 'extract_transcript_names' is deprecated and will be removed in the next version. Please use the essential functions instead. See ?get_essential_functions for alternatives.

608. safe_name_matching_workflow handles transcript validation ('test-safe_name_matching_workflow_coverage.R:453:3') - Function 'extract_roster_names' is deprecated and will be removed in the next version. Please use the essential functions instead. See ?get_essential_functions for alternatives.

609. safe_name_matching_workflow handles transcript validation ('test-safe_name_matching_workflow_coverage.R:453:3') - Function 'create_name_lookup' is deprecated and will be removed in the next version. Please use the essential functions instead. See ?get_essential_functions for alternatives.

610. safe_name_matching_workflow handles transcript validation ('test-safe_name_matching_workflow_coverage.R:453:3') - Function 'find_roster_match' is deprecated and will be removed in the next version. Please use the essential functions instead. See ?get_essential_functions for alternatives.

611. safe_name_matching_workflow handles transcript validation ('test-safe_name_matching_workflow_coverage.R:453:3') - Function 'apply_name_matching' is deprecated and will be removed in the next version. Please use the essential functions instead. See ?get_essential_functions for alternatives.

612. process_transcript_with_privacy handles edge cases ('test-safe_name_matching_workflow_coverage.R:473:3') - Function 'process_transcript_with_privacy' is deprecated and will be removed in the next version. Please use the essential functions instead. See ?get_essential_functions for alternatives.

613. process_transcript_with_privacy handles edge cases ('test-safe_name_matching_workflow_coverage.R:484:3') - Function 'process_transcript_with_privacy' is deprecated and will be removed in the next version. Please use the essential functions instead. See ?get_essential_functions for alternatives.

614. process_transcript_with_privacy handles edge cases ('test-safe_name_matching_workflow_coverage.R:495:3') - Function 'process_transcript_with_privacy' is deprecated and will be removed in the next version. Please use the essential functions instead. See ?get_essential_functions for alternatives.

615. match_names_with_privacy handles edge cases ('test-safe_name_matching_workflow_coverage.R:514:3') - Function 'match_names_with_privacy' is deprecated and will be removed in the next version. Please use the essential functions instead. See ?get_essential_functions for alternatives.

616. match_names_with_privacy handles edge cases ('test-safe_name_matching_workflow_coverage.R:514:3') - Function 'extract_transcript_names' is deprecated and will be removed in the next version. Please use the essential functions instead. See ?get_essential_functions for alternatives.

617. match_names_with_privacy handles edge cases ('test-safe_name_matching_workflow_coverage.R:525:3') - Function 'match_names_with_privacy' is deprecated and will be removed in the next version. Please use the essential functions instead. See ?get_essential_functions for alternatives.

618. create_name_lookup handles edge cases ('test-safe_name_matching_workflow_coverage.R:538:3') - Function 'create_name_lookup' is deprecated and will be removed in the next version. Please use the essential functions instead. See ?get_essential_functions for alternatives.

619. create_name_lookup handles edge cases ('test-safe_name_matching_workflow_coverage.R:559:3') - Function 'create_name_lookup' is deprecated and will be removed in the next version. Please use the essential functions instead. See ?get_essential_functions for alternatives.

620. find_roster_match handles edge cases ('test-safe_name_matching_workflow_coverage.R:572:3') - Function 'find_roster_match' is deprecated and will be removed in the next version. Please use the essential functions instead. See ?get_essential_functions for alternatives.

621. find_roster_match handles edge cases ('test-safe_name_matching_workflow_coverage.R:576:3') - Function 'find_roster_match' is deprecated and will be removed in the next version. Please use the essential functions instead. See ?get_essential_functions for alternatives.

622. find_roster_match handles edge cases ('test-safe_name_matching_workflow_coverage.R:580:3') - Function 'find_roster_match' is deprecated and will be removed in the next version. Please use the essential functions instead. See ?get_essential_functions for alternatives.

623. find_roster_match handles edge cases ('test-safe_name_matching_workflow_coverage.R:584:3') - Function 'find_roster_match' is deprecated and will be removed in the next version. Please use the essential functions instead. See ?get_essential_functions for alternatives.

624. apply_name_matching handles edge cases ('test-safe_name_matching_workflow_coverage.R:606:3') - Function 'apply_name_matching' is deprecated and will be removed in the next version. Please use the essential functions instead. See ?get_essential_functions for alternatives.

625. apply_name_matching handles edge cases ('test-safe_name_matching_workflow_coverage.R:617:3') - Function 'apply_name_matching' is deprecated and will be removed in the next version. Please use the essential functions instead. See ?get_essential_functions for alternatives.

626. handle_unmatched_names handles different actions ('test-safe_name_matching_workflow_coverage.R:630:3') - Function 'handle_unmatched_names' is deprecated and will be removed in the next version. Please use the essential functions instead. See ?get_essential_functions for alternatives.

627. handle_unmatched_names handles different actions ('test-safe_name_matching_workflow_coverage.R:648:7') - Function 'handle_unmatched_names' is deprecated and will be removed in the next version. Please use the essential functions instead. See ?get_essential_functions for alternatives.

628. handle_unmatched_names handles different actions ('test-safe_name_matching_workflow_coverage.R:648:7') - Some names need matching. Privacy temporarily disabled for matching process.

629. detect_unmatched_names handles edge cases ('test-safe_name_matching_workflow_coverage.R:669:3') - Function 'extract_transcript_names' is deprecated and will be removed in the next version. Please use the essential functions instead. See ?get_essential_functions for alternatives.

630. detect_unmatched_names handles edge cases ('test-safe_name_matching_workflow_coverage.R:669:3') - Function 'extract_roster_names' is deprecated and will be removed in the next version. Please use the essential functions instead. See ?get_essential_functions for alternatives.

631. detect_unmatched_names handles edge cases ('test-safe_name_matching_workflow_coverage.R:669:3') - Function 'extract_mapped_names' is deprecated and will be removed in the next version. Please use the essential functions instead. See ?get_essential_functions for alternatives.

632. detect_unmatched_names handles edge cases ('test-safe_name_matching_workflow_coverage.R:684:3') - Function 'extract_transcript_names' is deprecated and will be removed in the next version. Please use the essential functions instead. See ?get_essential_functions for alternatives.

633. detect_unmatched_names handles edge cases ('test-safe_name_matching_workflow_coverage.R:684:3') - Function 'extract_roster_names' is deprecated and will be removed in the next version. Please use the essential functions instead. See ?get_essential_functions for alternatives.

634. detect_unmatched_names handles edge cases ('test-safe_name_matching_workflow_coverage.R:684:3') - Function 'extract_mapped_names' is deprecated and will be removed in the next version. Please use the essential functions instead. See ?get_essential_functions for alternatives.

635. extract_transcript_names handles edge cases ('test-safe_name_matching_workflow_coverage.R:699:3') - Function 'extract_transcript_names' is deprecated and will be removed in the next version. Please use the essential functions instead. See ?get_essential_functions for alternatives.

636. extract_transcript_names handles edge cases ('test-safe_name_matching_workflow_coverage.R:708:3') - Function 'extract_transcript_names' is deprecated and will be removed in the next version. Please use the essential functions instead. See ?get_essential_functions for alternatives.

637. extract_transcript_names handles edge cases ('test-safe_name_matching_workflow_coverage.R:717:3') - Function 'extract_transcript_names' is deprecated and will be removed in the next version. Please use the essential functions instead. See ?get_essential_functions for alternatives.

638. extract_roster_names handles edge cases ('test-safe_name_matching_workflow_coverage.R:727:3') - Function 'extract_roster_names' is deprecated and will be removed in the next version. Please use the essential functions instead. See ?get_essential_functions for alternatives.

639. extract_roster_names handles edge cases ('test-safe_name_matching_workflow_coverage.R:736:3') - Function 'extract_roster_names' is deprecated and will be removed in the next version. Please use the essential functions instead. See ?get_essential_functions for alternatives.

640. extract_roster_names handles edge cases ('test-safe_name_matching_workflow_coverage.R:745:3') - Function 'extract_roster_names' is deprecated and will be removed in the next version. Please use the essential functions instead. See ?get_essential_functions for alternatives.

641. extract_mapped_names handles edge cases ('test-safe_name_matching_workflow_coverage.R:755:3') - Function 'extract_mapped_names' is deprecated and will be removed in the next version. Please use the essential functions instead. See ?get_essential_functions for alternatives.

642. extract_mapped_names handles edge cases ('test-safe_name_matching_workflow_coverage.R:765:3') - Function 'extract_mapped_names' is deprecated and will be removed in the next version. Please use the essential functions instead. See ?get_essential_functions for alternatives.

643. process_transcript_with_privacy errors when transcript lacks name column ('test-safe_name_matching_workflow.R:40:3') - Function 'process_transcript_with_privacy' is deprecated and will be removed in the next version. Please use the essential functions instead. See ?get_essential_functions for alternatives.

644. process_transcript_with_privacy works correctly ('test-safe_name_matching_workflow.R:108:3') - Function 'process_transcript_with_privacy' is deprecated and will be removed in the next version. Please use the essential functions instead. See ?get_essential_functions for alternatives.

645. process_transcript_with_privacy works correctly ('test-safe_name_matching_workflow.R:108:3') - Function 'match_names_with_privacy' is deprecated and will be removed in the next version. Please use the essential functions instead. See ?get_essential_functions for alternatives.

646. process_transcript_with_privacy works correctly ('test-safe_name_matching_workflow.R:108:3') - Function 'extract_transcript_names' is deprecated and will be removed in the next version. Please use the essential functions instead. See ?get_essential_functions for alternatives.

647. process_transcript_with_privacy works correctly ('test-safe_name_matching_workflow.R:108:3') - Function 'extract_roster_names' is deprecated and will be removed in the next version. Please use the essential functions instead. See ?get_essential_functions for alternatives.

648. process_transcript_with_privacy works correctly ('test-safe_name_matching_workflow.R:108:3') - Function 'create_name_lookup' is deprecated and will be removed in the next version. Please use the essential functions instead. See ?get_essential_functions for alternatives.

649. process_transcript_with_privacy works correctly ('test-safe_name_matching_workflow.R:108:3') - Function 'find_roster_match' is deprecated and will be removed in the next version. Please use the essential functions instead. See ?get_essential_functions for alternatives.

650. process_transcript_with_privacy works correctly ('test-safe_name_matching_workflow.R:108:3') - Function 'find_roster_match' is deprecated and will be removed in the next version. Please use the essential functions instead. See ?get_essential_functions for alternatives.

651. process_transcript_with_privacy works correctly ('test-safe_name_matching_workflow.R:108:3') - Function 'apply_name_matching' is deprecated and will be removed in the next version. Please use the essential functions instead. See ?get_essential_functions for alternatives.

652. process_transcript_with_privacy works correctly ('test-safe_name_matching_workflow.R:120:3') - Function 'process_transcript_with_privacy' is deprecated and will be removed in the next version. Please use the essential functions instead. See ?get_essential_functions for alternatives.

653. process_transcript_with_privacy works correctly ('test-safe_name_matching_workflow.R:120:3') - Function 'match_names_with_privacy' is deprecated and will be removed in the next version. Please use the essential functions instead. See ?get_essential_functions for alternatives.

654. process_transcript_with_privacy works correctly ('test-safe_name_matching_workflow.R:120:3') - Function 'extract_transcript_names' is deprecated and will be removed in the next version. Please use the essential functions instead. See ?get_essential_functions for alternatives.

655. process_transcript_with_privacy works correctly ('test-safe_name_matching_workflow.R:120:3') - Function 'extract_roster_names' is deprecated and will be removed in the next version. Please use the essential functions instead. See ?get_essential_functions for alternatives.

656. process_transcript_with_privacy works correctly ('test-safe_name_matching_workflow.R:120:3') - Function 'create_name_lookup' is deprecated and will be removed in the next version. Please use the essential functions instead. See ?get_essential_functions for alternatives.

657. process_transcript_with_privacy works correctly ('test-safe_name_matching_workflow.R:120:3') - Function 'find_roster_match' is deprecated and will be removed in the next version. Please use the essential functions instead. See ?get_essential_functions for alternatives.

658. process_transcript_with_privacy works correctly ('test-safe_name_matching_workflow.R:120:3') - Function 'find_roster_match' is deprecated and will be removed in the next version. Please use the essential functions instead. See ?get_essential_functions for alternatives.

659. process_transcript_with_privacy works correctly ('test-safe_name_matching_workflow.R:120:3') - Function 'apply_name_matching' is deprecated and will be removed in the next version. Please use the essential functions instead. See ?get_essential_functions for alternatives.

660. process_transcript_with_privacy validates inputs correctly ('test-safe_name_matching_workflow.R:132:3') - Function 'process_transcript_with_privacy' is deprecated and will be removed in the next version. Please use the essential functions instead. See ?get_essential_functions for alternatives.

661. process_transcript_with_privacy validates inputs correctly ('test-safe_name_matching_workflow.R:138:3') - Function 'process_transcript_with_privacy' is deprecated and will be removed in the next version. Please use the essential functions instead. See ?get_essential_functions for alternatives.

662. process_transcript_with_privacy validates inputs correctly ('test-safe_name_matching_workflow.R:144:3') - Function 'process_transcript_with_privacy' is deprecated and will be removed in the next version. Please use the essential functions instead. See ?get_essential_functions for alternatives.

663. match_names_with_privacy works correctly ('test-safe_name_matching_workflow.R:163:3') - Function 'match_names_with_privacy' is deprecated and will be removed in the next version. Please use the essential functions instead. See ?get_essential_functions for alternatives.

664. match_names_with_privacy works correctly ('test-safe_name_matching_workflow.R:163:3') - Function 'extract_transcript_names' is deprecated and will be removed in the next version. Please use the essential functions instead. See ?get_essential_functions for alternatives.

665. match_names_with_privacy works correctly ('test-safe_name_matching_workflow.R:163:3') - Function 'extract_roster_names' is deprecated and will be removed in the next version. Please use the essential functions instead. See ?get_essential_functions for alternatives.

666. match_names_with_privacy works correctly ('test-safe_name_matching_workflow.R:163:3') - Function 'create_name_lookup' is deprecated and will be removed in the next version. Please use the essential functions instead. See ?get_essential_functions for alternatives.

667. match_names_with_privacy works correctly ('test-safe_name_matching_workflow.R:163:3') - Function 'find_roster_match' is deprecated and will be removed in the next version. Please use the essential functions instead. See ?get_essential_functions for alternatives.

668. match_names_with_privacy works correctly ('test-safe_name_matching_workflow.R:163:3') - Function 'find_roster_match' is deprecated and will be removed in the next version. Please use the essential functions instead. See ?get_essential_functions for alternatives.

669. match_names_with_privacy works correctly ('test-safe_name_matching_workflow.R:163:3') - Function 'apply_name_matching' is deprecated and will be removed in the next version. Please use the essential functions instead. See ?get_essential_functions for alternatives.

670. match_names_with_privacy works correctly ('test-safe_name_matching_workflow.R:175:3') - Function 'match_names_with_privacy' is deprecated and will be removed in the next version. Please use the essential functions instead. See ?get_essential_functions for alternatives.

671. match_names_with_privacy works correctly ('test-safe_name_matching_workflow.R:175:3') - Function 'extract_transcript_names' is deprecated and will be removed in the next version. Please use the essential functions instead. See ?get_essential_functions for alternatives.

672. match_names_with_privacy works correctly ('test-safe_name_matching_workflow.R:175:3') - Function 'extract_roster_names' is deprecated and will be removed in the next version. Please use the essential functions instead. See ?get_essential_functions for alternatives.

673. match_names_with_privacy works correctly ('test-safe_name_matching_workflow.R:175:3') - Function 'create_name_lookup' is deprecated and will be removed in the next version. Please use the essential functions instead. See ?get_essential_functions for alternatives.

674. match_names_with_privacy works correctly ('test-safe_name_matching_workflow.R:175:3') - Function 'find_roster_match' is deprecated and will be removed in the next version. Please use the essential functions instead. See ?get_essential_functions for alternatives.

675. match_names_with_privacy works correctly ('test-safe_name_matching_workflow.R:175:3') - Function 'find_roster_match' is deprecated and will be removed in the next version. Please use the essential functions instead. See ?get_essential_functions for alternatives.

676. match_names_with_privacy works correctly ('test-safe_name_matching_workflow.R:175:3') - Function 'apply_name_matching' is deprecated and will be removed in the next version. Please use the essential functions instead. See ?get_essential_functions for alternatives.

677. match_names_with_privacy validates inputs correctly ('test-safe_name_matching_workflow.R:187:3') - Function 'match_names_with_privacy' is deprecated and will be removed in the next version. Please use the essential functions instead. See ?get_essential_functions for alternatives.

678. match_names_with_privacy validates inputs correctly ('test-safe_name_matching_workflow.R:193:3') - Function 'match_names_with_privacy' is deprecated and will be removed in the next version. Please use the essential functions instead. See ?get_essential_functions for alternatives.

679. match_names_with_privacy validates inputs correctly ('test-safe_name_matching_workflow.R:199:3') - Function 'match_names_with_privacy' is deprecated and will be removed in the next version. Please use the essential functions instead. See ?get_essential_functions for alternatives.

680. create_name_lookup works correctly ('test-safe_name_matching_workflow.R:210:3') - Function 'create_name_lookup' is deprecated and will be removed in the next version. Please use the essential functions instead. See ?get_essential_functions for alternatives.

681. create_name_lookup works correctly ('test-safe_name_matching_workflow.R:210:3') - Function 'find_roster_match' is deprecated and will be removed in the next version. Please use the essential functions instead. See ?get_essential_functions for alternatives.

682. create_name_lookup works correctly ('test-safe_name_matching_workflow.R:210:3') - Function 'find_roster_match' is deprecated and will be removed in the next version. Please use the essential functions instead. See ?get_essential_functions for alternatives.

683. create_name_lookup works correctly ('test-safe_name_matching_workflow.R:210:3') - Function 'find_roster_match' is deprecated and will be removed in the next version. Please use the essential functions instead. See ?get_essential_functions for alternatives.

684. create_name_lookup works correctly ('test-safe_name_matching_workflow.R:227:3') - Function 'create_name_lookup' is deprecated and will be removed in the next version. Please use the essential functions instead. See ?get_essential_functions for alternatives.

685. create_name_lookup works correctly ('test-safe_name_matching_workflow.R:227:3') - Function 'find_roster_match' is deprecated and will be removed in the next version. Please use the essential functions instead. See ?get_essential_functions for alternatives.

686. create_name_lookup works correctly ('test-safe_name_matching_workflow.R:227:3') - Function 'find_roster_match' is deprecated and will be removed in the next version. Please use the essential functions instead. See ?get_essential_functions for alternatives.

687. find_roster_match works correctly ('test-safe_name_matching_workflow.R:237:3') - Function 'find_roster_match' is deprecated and will be removed in the next version. Please use the essential functions instead. See ?get_essential_functions for alternatives.

688. find_roster_match works correctly ('test-safe_name_matching_workflow.R:242:3') - Function 'find_roster_match' is deprecated and will be removed in the next version. Please use the essential functions instead. See ?get_essential_functions for alternatives.

689. find_roster_match works correctly ('test-safe_name_matching_workflow.R:247:3') - Function 'find_roster_match' is deprecated and will be removed in the next version. Please use the essential functions instead. See ?get_essential_functions for alternatives.

690. find_roster_match works correctly ('test-safe_name_matching_workflow.R:251:3') - Function 'find_roster_match' is deprecated and will be removed in the next version. Please use the essential functions instead. See ?get_essential_functions for alternatives.

691. apply_name_matching works correctly ('test-safe_name_matching_workflow.R:277:3') - Function 'apply_name_matching' is deprecated and will be removed in the next version. Please use the essential functions instead. See ?get_essential_functions for alternatives.

692. apply_name_matching handles missing name column ('test-safe_name_matching_workflow.R:312:3') - Function 'apply_name_matching' is deprecated and will be removed in the next version. Please use the essential functions instead. See ?get_essential_functions for alternatives.

693. handle_unmatched_names works correctly ('test-safe_name_matching_workflow.R:320:3') - Function 'handle_unmatched_names' is deprecated and will be removed in the next version. Please use the essential functions instead. See ?get_essential_functions for alternatives.

694. handle_unmatched_names works correctly ('test-safe_name_matching_workflow.R:335:7') - Function 'handle_unmatched_names' is deprecated and will be removed in the next version. Please use the essential functions instead. See ?get_essential_functions for alternatives.

695. handle_unmatched_names works correctly ('test-safe_name_matching_workflow.R:335:7') - Some names need matching. Privacy temporarily disabled for matching process.

696. get_target_state provides current targets ('test-success-metrics-verbose.R:43:3') - Function 'get_target_state' is deprecated and will be removed in the next version. Please use the essential functions instead. See ?get_essential_functions for alternatives.

697. success metrics provide actionable insights ('test-success-metrics-verbose.R:69:3') - Function 'get_target_state' is deprecated and will be removed in the next version. Please use the essential functions instead. See ?get_essential_functions for alternatives.

698. success metrics respect quiet mode ('test-success-metrics-verbose.R:92:3') - Function 'get_target_state' is deprecated and will be removed in the next version. Please use the essential functions instead. See ?get_essential_functions for alternatives.

699. summarize_transcript_metrics summarizes a simple transcript correctly ('test-summarize_transcript_metrics.R:4:3') - Privacy disabled globally; outputs may contain identifiable data.

700. summarize_transcript_metrics summarizes a simple transcript correctly ('test-summarize_transcript_metrics.R:11:3') - CRITICAL: Privacy disabled; outputs may contain identifiable data and violate FERPA requirements.

701. summarize_transcript_metrics excludes dead_air by default ('test-summarize_transcript_metrics.R:34:3') - Privacy disabled globally; outputs may contain identifiable data.

702. summarize_transcript_metrics excludes dead_air by default ('test-summarize_transcript_metrics.R:41:3') - CRITICAL: Privacy disabled; outputs may contain identifiable data and violate FERPA requirements.

703. summarize_transcript_metrics handles NA names as 'unknown' ('test-summarize_transcript_metrics.R:49:3') - Privacy disabled globally; outputs may contain identifiable data.

704. summarize_transcript_metrics handles NA names as 'unknown' ('test-summarize_transcript_metrics.R:56:3') - CRITICAL: Privacy disabled; outputs may contain identifiable data and violate FERPA requirements.

705. comments_format parameter works correctly ('test-summarize_transcript_metrics.R:68:3') - Privacy disabled globally; outputs may contain identifiable data.

706. comments_format parameter works correctly ('test-summarize_transcript_metrics.R:78:3') - CRITICAL: Privacy disabled; outputs may contain identifiable data and violate FERPA requirements.

707. comments_format parameter works correctly ('test-summarize_transcript_metrics.R:86:3') - CRITICAL: Privacy disabled; outputs may contain identifiable data and violate FERPA requirements.

708. comments_format parameter works correctly ('test-summarize_transcript_metrics.R:96:3') - CRITICAL: Privacy disabled; outputs may contain identifiable data and violate FERPA requirements.

709. write_engagement_metrics handles file path issues ('test-write_engagement_metrics.R:177:3') - cannot create dir '/nonexistent/directory', reason 'No such file or directory'

710. write_engagement_metrics handles file path issues ('test-write_engagement_metrics.R:177:3') - cannot open file '/nonexistent/directory/file.csv': No such file or directory

711. write_engagement_metrics works with real transcript data ('test-write_engagement_metrics.R:235:5') - Function 'add_dead_air_rows' is deprecated and will be removed in the next version. Please use the essential functions instead. See ?get_essential_functions for alternatives.

712. write_engagement_metrics works with real transcript data ('test-write_engagement_metrics.R:236:5') - Function 'add_dead_air_rows' is deprecated and will be removed in the next version. Please use the essential functions instead. See ?get_essential_functions for alternatives.

713. write_metrics writes CSV with masking ('test-write_metrics.R:8:3') - Function 'add_dead_air_rows' is deprecated and will be removed in the next version. Please use the essential functions instead. See ?get_essential_functions for alternatives.

══ Failed ══════════════════════════════════════════════════════════════════════
── 1. Error ('test-load_and_process_zoom_transcript.R:15:3'): load_and_process_z
Error in `load_and_process_zoom_transcript(temp_file)`: could not find function "load_and_process_zoom_transcript"
Backtrace:
    ▆
 1. └─testthat::expect_warning(...) at test-load_and_process_zoom_transcript.R:15:3
 2.   └─testthat:::expect_condition_matching(...)
 3.     └─testthat:::quasi_capture(...)
 4.       ├─testthat (local) .capture(...)
 5.       │ └─base::withCallingHandlers(...)
 6.       └─rlang::eval_bare(quo_get_expr(.quo), quo_get_env(.quo))

── 2. Error ('test-load_and_process_zoom_transcript.R:42:3'): load_and_process_z
Error in `load_and_process_zoom_transcript(temp_file, consolidate_comments = FALSE, 
    add_dead_air = FALSE)`: could not find function "load_and_process_zoom_transcript"
Backtrace:
    ▆
 1. └─testthat::expect_warning(...) at test-load_and_process_zoom_transcript.R:42:3
 2.   └─testthat:::expect_condition_matching(...)
 3.     └─testthat:::quasi_capture(...)
 4.       ├─testthat (local) .capture(...)
 5.       │ └─base::withCallingHandlers(...)
 6.       └─rlang::eval_bare(quo_get_expr(.quo), quo_get_env(.quo))

── 3. Error ('test-load_and_process_zoom_transcript.R:80:3'): load_and_process_z
Error in `load_and_process_zoom_transcript("nonexistent_file.vtt")`: could not find function "load_and_process_zoom_transcript"
Backtrace:
    ▆
 1. └─testthat::expect_warning(...) at test-load_and_process_zoom_transcript.R:80:3
 2.   └─testthat:::expect_condition_matching(...)
 3.     └─testthat:::quasi_capture(...)
 4.       ├─testthat (local) .capture(...)
 5.       │ └─base::withCallingHandlers(...)
 6.       └─rlang::eval_bare(quo_get_expr(.quo), quo_get_env(.quo))

── 4. Error ('test-load_and_process_zoom_transcript.R:103:3'): load_and_process_
Error in `load_and_process_zoom_transcript(temp_file)`: could not find function "load_and_process_zoom_transcript"
Backtrace:
    ▆
 1. └─testthat::expect_warning(...) at test-load_and_process_zoom_transcript.R:103:3
 2.   └─testthat:::expect_condition_matching(...)
 3.     └─testthat:::quasi_capture(...)
 4.       ├─testthat (local) .capture(...)
 5.       │ └─base::withCallingHandlers(...)
 6.       └─rlang::eval_bare(quo_get_expr(.quo), quo_get_env(.quo))

── 5. Error ('test-load_and_process_zoom_transcript.R:121:5'): load_and_process_
Error in `load_and_process_zoom_transcript(transcript_file)`: could not find function "load_and_process_zoom_transcript"
Backtrace:
    ▆
 1. └─testthat::expect_warning(...) at test-load_and_process_zoom_transcript.R:121:5
 2.   └─testthat:::expect_condition_matching(...)
 3.     └─testthat:::quasi_capture(...)
 4.       ├─testthat (local) .capture(...)
 5.       │ └─base::withCallingHandlers(...)
 6.       └─rlang::eval_bare(quo_get_expr(.quo), quo_get_env(.quo))

── 6. Error ('test-make_blank_section_names_lookup_csv.R:2:3'): make_blank_secti
Error in `make_blank_section_names_lookup_csv()`: could not find function "make_blank_section_names_lookup_csv"

── 7. Error ('test-make_students_only_transcripts_summary_df.R:9:3'): make_stude
Error in `make_students_only_transcripts_summary_df(session_summary_df)`: could not find function "make_students_only_transcripts_summary_df"

── 8. Error ('test-make_students_only_transcripts_summary_df.R:24:3'): make_stud
Error in `make_students_only_transcripts_summary_df(empty_df)`: could not find function "make_students_only_transcripts_summary_df"

── 9. Error ('test-make_students_only_transcripts_summary_df.R:37:3'): make_stud
Error in `make_students_only_transcripts_summary_df(df)`: could not find function "make_students_only_transcripts_summary_df"

── 10. Error ('test-make_students_only_transcripts_summary_df.R:44:3'): make_stu
Error in `make_students_only_transcripts_summary_df(NULL)`: could not find function "make_students_only_transcripts_summary_df"
Backtrace:
    ▆
 1. └─testthat::expect_silent(make_students_only_transcripts_summary_df(NULL)) at test-make_students_only_transcripts_summary_df.R:44:3
 2.   └─testthat:::quasi_capture(enquo(object), NULL, evaluate_promise)
 3.     ├─testthat (local) .capture(...)
 4.     │ ├─withr::with_output_sink(...)
 5.     │ │ └─base::force(code)
 6.     │ ├─base::withCallingHandlers(...)
 7.     │ └─base::withVisible(code)
 8.     └─rlang::eval_bare(quo_get_expr(.quo), quo_get_env(.quo))
  ... and 45 more


Maximum number of 10 failures reached, some test results may be missing.

══ DONE ════════════════════════════════════════════════════════════════════════
Error: Test failures
Execution halted
